Microchip MPLAB XC8 Compiler V2.40

Linker command line:

--edf=C:\Program Files\Microchip\xc8\v2.40\pic\dat\20220703182018_en.msgs \
  -cn -h+dist/PIC18F4550_usb_hid/production\Joystick.X.production.sym \
  --cmf=dist/PIC18F4550_usb_hid/production\Joystick.X.production.cmf -z \
  -Q18F4550 -oC:\Users\admin\AppData\Local\Temp\xcAs52k.4 \
  --defsym=__MPLAB_BUILD=1 --fixupoverflow=error \
  -Mdist/PIC18F4550_usb_hid/production/Joystick.X.production.map \
  --md=C:\Users\admin\AppData\Local\Temp\xcAs52k.dat -E1 -ver=XC8 Compiler \
  --acfsm=1493 -ACODE=00h-07FFFh -ACONST=00h-07FFFh \
  -ASMALLCONST=0800h-08FFhx120 -AMEDIUMCONST=0800h-07FFFh -ACOMRAM=01h-05Fh \
  -AABS1=00h-07FFh -ABIGRAM=01h-07FFh -ARAM=060h-0FFh,0100h-01FFhx7 \
  -ABANK0=060h-0FFh -ABANK1=0100h-01FFh -ABANK2=0200h-02FFh \
  -ABANK3=0300h-03FFh -ABANK4=0400h-04FFh -ABANK5=0500h-05FFh \
  -ABANK6=0600h-06FFh -ABANK7=0700h-07FFh -ASFR=0F60h-0FFFh \
  -ABIGSFR=0F60h-0FFFh -ACONFIG=0300000h-030000Dh -AIDLOC=0200000h-0200007h \
  -AEEDATA=0F00000h-0F000FFh -peeprom_data=EEDATA \
  -preset_vec=00h,intcode=08h,intcodelo,powerup,init -pramtop=0800h \
  -psmallconst=SMALLCONST -pmediumconst=MEDIUMCONST -pconst=CONST \
  -AFARRAM=00h-00h \
  -prdata=COMRAM,nvrram=COMRAM,nvbit=COMRAM,rbss=COMRAM,rbit=COMRAM \
  -pfarbss=FARRAM,fardata=FARRAM,nvFARRAM=FARRAM \
  -pintsave_regs=BIGRAM,bigbss=BIGRAM,bigdata=BIGRAM -pbss=RAM \
  -pidata=CODE,irdata=CODE,ibigdata=CODE,ifardata=CODE -prparam=COMRAM \
  C:\Users\admin\AppData\Local\Temp\xcAs52k.o \
  dist/PIC18F4550_usb_hid/production\Joystick.X.production.o 

Object code version is 3.11

Machine type is 18F4550



                Name                               Link     Load   Length Selector   Space Scale
C:\Users\admin\AppData\Local\Temp\xcAs52k.o
                idloc                            200000   200000        8        0       5
                config                           300000   300000        E        0       4
                init                                  E        E        4        4       0
                reset_vec                             0        0        4        0       0
dist/PIC18F4550_usb_hid/production\Joystick.X.production.o
                intcode                               8        8        6        4       0
                idloc                            200000   200000        8        0       5
                config                           300000   300000        E        0       4
                temp                                 5F       5F        1        1       1
                smallconst                          800      800       A6      400       0
                intcode_body                       3A88     3A88        6      453       0
                text41                             34CA     34CA       9C      453       0
                text40                             28C8     28C8      12C      453       0
                text39                             312E     312E       E4      453       0
                text38                             278A     278A      13E      453       0
                text37                             13C8     13C8      42A      453       0
                text36                              F08      F08      4C0      453       0
                text35                             38FC     38FC       46      453       0
                text34                             2E4C     2E4C      106      453       0
                text33                             1DBA     1DBA      1B4      453       0
                text32                              8A6      8A6      662      453       0
                text31                             2C34     2C34      110      453       0
                text30                             2D44     2D44      108      453       0
                text29                             2F52     2F52       F2      453       0
                text28                             2646     2646      144      453       0
                text27                             378A     378A       76      453       0
                text26                             337E     337E       B0      453       0
                text25                             38B0     38B0       4C      453       0
                text24                             3A72     3A72       16      453       0
                text23                             3688     3688       84      453       0
                text22                             3A4C     3A4C       26      453       0
                text21                             370C     370C       7E      453       0
                text20                             3566     3566       92      453       0
                text19                             20E4     20E4      16E      453       0
                text18                             342E     342E       9C      453       0
                text17                             17F2     17F2      362      453       0
                text16                             2252     2252      160      453       0
                text15                             29F4     29F4      122      453       0
                text14                             1F6E     1F6E      176      453       0
                text13                             3044     3044       EA      453       0
                text12                             2B16     2B16      11E      453       0
                text11                             32CC     32CC       B2      453       0
                text10                             24FC     24FC      14A      453       0
                text9                              35F8     35F8       90      453       0
                text8                              3860     3860       50      453       0
                text7                              3212     3212       BA      453       0
                text6                              23B2     23B2      14A      453       0
                text5                              39C4     39C4       34      453       0
                text4                              3800     3800       60      453       0
                text3                              39F8     39F8       2E      453       0
                text2                              3942     3942       42      453       0
                text1                              1B54     1B54      266      453       0
                text0                              3984     3984       40      453       0
                cstackCOMRAM                          1        1       55        1       1
                bssBANK0                             60       60       30       60       1
                bssCOMRAM                            56       56        9        1       1
                cinit                              3A26     3A26       26      453       0

TOTAL           Name                               Link     Load   Length     Space
        CLASS   CODE           
                intcode                               8        8        6         0
                init                                  E        E        4         0
                reset_vec                             0        0        4         0
                intcode_body                       3A88     3A88        6         0
                text41                             34CA     34CA       9C         0
                text40                             28C8     28C8      12C         0
                text39                             312E     312E       E4         0
                text38                             278A     278A      13E         0
                text37                             13C8     13C8      42A         0
                text36                              F08      F08      4C0         0
                text35                             38FC     38FC       46         0
                text34                             2E4C     2E4C      106         0
                text33                             1DBA     1DBA      1B4         0
                text32                              8A6      8A6      662         0
                text31                             2C34     2C34      110         0
                text30                             2D44     2D44      108         0
                text29                             2F52     2F52       F2         0
                text28                             2646     2646      144         0
                text27                             378A     378A       76         0
                text26                             337E     337E       B0         0
                text25                             38B0     38B0       4C         0
                text24                             3A72     3A72       16         0
                text23                             3688     3688       84         0
                text22                             3A4C     3A4C       26         0
                text21                             370C     370C       7E         0
                text20                             3566     3566       92         0
                text19                             20E4     20E4      16E         0
                text18                             342E     342E       9C         0
                text17                             17F2     17F2      362         0
                text16                             2252     2252      160         0
                text15                             29F4     29F4      122         0
                text14                             1F6E     1F6E      176         0
                text13                             3044     3044       EA         0
                text12                             2B16     2B16      11E         0
                text11                             32CC     32CC       B2         0
                text10                             24FC     24FC      14A         0
                text9                              35F8     35F8       90         0
                text8                              3860     3860       50         0
                text7                              3212     3212       BA         0
                text6                              23B2     23B2      14A         0
                text5                              39C4     39C4       34         0
                text4                              3800     3800       60         0
                text3                              39F8     39F8       2E         0
                text2                              3942     3942       42         0
                text1                              1B54     1B54      266         0
                text0                              3984     3984       40         0
                cinit                              3A26     3A26       26         0

        CLASS   CONST          

        CLASS   SMALLCONST     
                smallconst                          800      800       A6         0

        CLASS   MEDIUMCONST    

        CLASS   COMRAM         
                temp                                 5F       5F        1         1
                cstackCOMRAM                          1        1       55         1
                bssCOMRAM                            56       56        9         1

        CLASS   ABS1           
                abs_s1                              400      400       30         1
                abs_s1                              500      500        6         1

        CLASS   BIGRAM         

        CLASS   RAM            

        CLASS   BANK0          
                bssBANK0                             60       60       30         1

        CLASS   BANK1          

        CLASS   BANK2          

        CLASS   BANK3          

        CLASS   BANK4          

        CLASS   BANK5          

        CLASS   BANK6          

        CLASS   BANK7          

        CLASS   SFR            

        CLASS   BIGSFR         

        CLASS   CONFIG         
                config                           300000   300000        E         4

        CLASS   IDLOC          
                idloc                            200000   200000        8         5

        CLASS   EEDATA         

        CLASS   FARRAM         

        CLASS   HEAP           

        CLASS   STACK          



SEGMENTS        Name                           Load    Length   Top    Selector   Space  Class

                reset_vec                      000000  000004  000004         0       0  CODE    
                cstackCOMRAM                   000001  00005F  000060         1       1  COMRAM  
                intcode                        000008  00000A  000012         4       0  CODE    
                bssBANK0                       000060  000030  000090        60       1  BANK0   
                smallconst                     000800  0000A6  0008A6       400       0  SMALLCON
                text32                         0008A6  0031E8  003A8E       453       0  CODE    


UNUSED ADDRESS RANGES

        Name                Unused          Largest block    Delta
        BANK0            000090-0000FF               70
        BANK1            000100-0001FF              100
        BANK2            000200-0002FF              100
        BANK3            000300-0003FF              100
        BANK4            000430-0004FF               D0
        BANK5            000506-0005FF               FA
        BANK6            000600-0006FF              100
        BANK7            000700-0007FF              100
        BIGRAM           000090-0003FF              370
                         000430-0004FF               D0
                         000506-0007FF              2FA
        BIGSFR           000F60-000FFF               A0
        CODE             000004-000007                4
                         000012-0007FF              7EE
                         003A8E-007FFF             4572
        CONST            000004-000007                4
                         000012-0007FF              7EE
                         003A8E-007FFF             4572
        EEDATA           F00000-F000FF              100
        MEDIUMCONST      003A8E-007FFF             4572
        RAM              000090-0003FF              100
                         000430-0004FF               D0
                         000506-0007FF              100
        SFR              000F60-000FFF               A0
        SMALLCONST       003A8E-007FFF              100

                                  Symbol Table

?_ADC_Readbits                           cstackCOMRAM 000001
?_ADC_multiButton                        cstackCOMRAM 000008
?_USBTransferOnePacket                   cstackCOMRAM 000001
?___fladd                                cstackCOMRAM 00002F
?___flmul                                cstackCOMRAM 000016
?___flsub                                cstackCOMRAM 00003F
?___fltol                                cstackCOMRAM 000047
?___xxtofl                               cstackCOMRAM 000008
ADC_Enable@channel                       cstackCOMRAM 000003
ADC_Readbits@channel                     cstackCOMRAM 000007
ADC_Readbits@result                      cstackCOMRAM 000005
ADC_SetConfiguration@configuration       cstackCOMRAM 000001
ADC_multiButton@adc_volt                 cstackCOMRAM 00000B
ADC_multiButton@channel                  cstackCOMRAM 00000A
BUTTON_Enable@button                     cstackCOMRAM 000003
BUTTON_IsPressed@button                  cstackCOMRAM 000003
SYSTEM_Initialize@state                  cstackCOMRAM 000006
USBConfigureEndpoint@EPNum               cstackCOMRAM 000008
USBConfigureEndpoint@direction           cstackCOMRAM 000001
USBConfigureEndpoint@handle              cstackCOMRAM 000009
USBCtrlTrfInHandler@lastDTS              cstackCOMRAM 000002
USBCtrlTrfRxService@byteToRead           cstackCOMRAM 000002
USBCtrlTrfRxService@i                    cstackCOMRAM 000001
USBCtrlTrfTxService@byteToSend           cstackCOMRAM 000001
USBDeviceInit@i                          cstackCOMRAM 00000D
USBDeviceTasks@i                         cstackCOMRAM 000021
USBEnableEndpoint@ep                     cstackCOMRAM 00000E
USBEnableEndpoint@options                cstackCOMRAM 00000B
USBEnableEndpoint@p                      cstackCOMRAM 00000C
USBStdFeatureReqHandler@current_ep_data  cstackCOMRAM 00001B
USBStdFeatureReqHandler@p                cstackCOMRAM 00001C
USBStdFeatureReqHandler@pUEP             cstackCOMRAM 000019
USBStdGetStatusHandler@p                 cstackCOMRAM 000003
USBStdSetCfgHandler@i                    cstackCOMRAM 000017
USBTransferOnePacket@data                cstackCOMRAM 000002
USBTransferOnePacket@dir                 cstackCOMRAM 000001
USBTransferOnePacket@ep                  cstackCOMRAM 000009
USBTransferOnePacket@handle              cstackCOMRAM 00000A
USBTransferOnePacket@len                 cstackCOMRAM 000004
USER_USB_CALLBACK_EVENT_HANDLER@event    cstackCOMRAM 00000F
USER_USB_CALLBACK_EVENT_HANDLER@pdata    cstackCOMRAM 000011
USER_USB_CALLBACK_EVENT_HANDLER@size     cstackCOMRAM 000013
_ADCON0                                  (abs)        000FC2
_ADCON0bits                              (abs)        000FC2
_ADCON1bits                              (abs)        000FC1
_ADCON2                                  (abs)        000FC0
_ADCON2bits                              (abs)        000FC0
_ADC_Enable                              text23       003688
_ADC_Readbits                            text41       0034CA
_ADC_SetConfiguration                    text22       003A4C
_ADC_multiButton                         text40       0028C8
_ADRESH                                  (abs)        000FC4
_ADRESL                                  (abs)        000FC3
_APP_DeviceJoystickInitialize            text24       003A72
_APP_DeviceJoystickTasks                 text32       0008A6
_APP_DeviceJoystickTasks$3398            cstackCOMRAM 000052
_BDT                                     (abs)        000400
_BUTTON_Enable                           text21       00370C
_BUTTON_IsPressed                        text39       00312E
_BothEP0OutUOWNsSet                      bssBANK0     000085
_CtrlTrfData                             (abs)        000428
_PIE2bits                                (abs)        000FA0
_PIR2bits                                (abs)        000FA1
_PORTCbits                               (abs)        000F82
_PORTDbits                               (abs)        000F83
_RemoteWakeup                            bssBANK0     000088
_SYSTEM_Initialize                       text20       003566
_SYS_InterruptHigh                       intcode      000008
_SetupPkt                                (abs)        000420
_TRISAbits                               (abs)        000F92
_TRISCbits                               (abs)        000F94
_TRISDbits                               (abs)        000F95
_TRISEbits                               (abs)        000F96
_UADDR                                   (abs)        000F6E
_UCFG                                    (abs)        000F6F
_UCON                                    (abs)        000F6D
_UCONbits                                (abs)        000F6D
_UEIE                                    (abs)        000F6B
_UEIR                                    (abs)        000F6A
_UEP0                                    (abs)        000F70
_UEP0bits                                (abs)        000F70
_UEP1                                    (abs)        000F71
_UIE                                     (abs)        000F69
_UIEbits                                 (abs)        000F69
_UIR                                     (abs)        000F68
_UIRbits                                 (abs)        000F68
_USB1msTickCount                         bssBANK0     00006E
_USBActiveConfiguration                  bssBANK0     00008F
_USBAlternateInterface                   bssBANK0     00008E
_USBBusIsSuspended                       bssBANK0     000087
_USBCheckHIDRequest                      text19       0020E4
_USBCheckStdRequest                      text12       002B16
_USBConfigureEndpoint                    text26       00337E
_USBCtrlEPAllowDataStage                 text11       0032CC
_USBCtrlEPAllowStatusStage               text29       002F52
_USBCtrlEPService                        text7        003212
_USBCtrlEPServiceComplete                text10       0024FC
_USBCtrlTrfInHandler                     text30       002D44
_USBCtrlTrfOutHandler                    text27       00378A
_USBCtrlTrfRxService                     text28       002646
_USBCtrlTrfSetupHandler                  text9        0035F8
_USBCtrlTrfTxService                     text31       002C34
_USBDeferINDataStagePackets              bssBANK0     000080
_USBDeferOUTDataStagePackets             bssBANK0     00007F
_USBDeferStatusStagePacket               bssBANK0     000083
_USBDeviceInit                           text6        0023B2
_USBDeviceState                          bssCOMRAM    00005E
_USBDeviceTasks                          text1        001B54
_USBEnableEndpoint                       text25       0038B0
_USBIncrement1msInternalTimers           text5        0039C4
_USBStallHandler                         text4        003800
_USBStatusStageEnabledFlag1              bssBANK0     000082
_USBStatusStageEnabledFlag2              bssBANK0     000081
_USBStatusStageTimeoutCounter            bssBANK0     000084
_USBStdFeatureReqHandler                 text17       0017F2
_USBStdGetDscHandler                     text16       002252
_USBStdGetStatusHandler                  text15       0029F4
_USBStdSetCfgHandler                     text13       003044
_USBSuspend                              text3        0039F8
_USBTicksSinceSuspendEnd                 bssBANK0     00007E
_USBTransferOnePacket                    text38       00278A
_USBWakeFromSuspend                      text2        003942
_USB_CD_Ptr                              smallconst   000807
_USB_SD_Ptr                              smallconst   000801
_USER_USB_CALLBACK_EVENT_HANDLER         text18       00342E
_USTAT                                   (abs)        000F6C
_USTATcopy                               bssBANK0     00008D
__HRAM                                   (abs)        000000
__Habs1                                  abs1         000000
__Hbank0                                 bank0        000000
__Hbank1                                 bank1        000000
__Hbank2                                 bank2        000000
__Hbank3                                 bank3        000000
__Hbank4                                 bank4        000000
__Hbank5                                 bank5        000000
__Hbank6                                 bank6        000000
__Hbank7                                 bank7        000000
__Hbigbss                                bigbss       000000
__Hbigdata                               bigdata      000000
__Hbigram                                bigram       000000
__Hbigsfr                                bigsfr       000000
__Hbss                                   bss          000000
__HbssBANK0                              bssBANK0     000000
__HbssCOMRAM                             bssCOMRAM    000000
__Hcinit                                 cinit        000000
__Hclrtext                               clrtext      000000
__Hcomram                                comram       000000
__Hconfig                                config       30000E
__Hconst                                 const        000000
__HcstackCOMRAM                          cstackCOMRAM 000000
__Hdata                                  data         000000
__Heeprom_data                           eeprom_data  000000
__Hfarbss                                farbss       000000
__Hfardata                               fardata      000000
__Hheap                                  heap         000000
__Hibigdata                              ibigdata     000000
__Hidata                                 idata        000000
__Hidloc                                 idloc        200008
__Hifardata                              ifardata     000000
__Hinit                                  init         000012
__Hintcode                               intcode      00000E
__Hintcode_body                          intcode_body 000000
__Hintcodelo                             intcodelo    00000E
__Hintentry                              intentry     000000
__Hintret                                intret       000000
__Hintsave_regs                          intsave_regs 000000
__Hirdata                                irdata       000000
__Hmediumconst                           mediumconst  000000
__HnvFARRAM                              nvFARRAM     000000
__Hnvbit                                 nvbit        000000
__Hnvrram                                nvrram       000000
__Hparam                                 rparam       000000
__Hpowerup                               powerup      00000E
__Hram                                   ram          000000
__Hramtop                                ramtop       000800
__Hrbit                                  rbit         000000
__Hrbss                                  rbss         000000
__Hrdata                                 rdata        000000
__Hreset_vec                             reset_vec    000004
__Hrparam                                rparam       000000
__Hsfr                                   sfr          000000
__Hsmallconst                            smallconst   0008A6
__Hspace_0                               (abs)        003A8E
__Hspace_1                               (abs)        000090
__Hspace_2                               (abs)        000000
__Hspace_4                               (abs)        60000E
__Hstack                                 stack        000000
__Hstruct                                struct       000000
__Htemp                                  temp         000060
__Htext                                  text         000000
__Htext0                                 text0        000000
__Htext1                                 text1        000000
__Htext10                                text10       000000
__Htext11                                text11       000000
__Htext12                                text12       000000
__Htext13                                text13       000000
__Htext14                                text14       000000
__Htext15                                text15       000000
__Htext16                                text16       000000
__Htext17                                text17       000000
__Htext18                                text18       000000
__Htext19                                text19       000000
__Htext2                                 text2        000000
__Htext20                                text20       000000
__Htext21                                text21       000000
__Htext22                                text22       000000
__Htext23                                text23       000000
__Htext24                                text24       000000
__Htext25                                text25       000000
__Htext26                                text26       000000
__Htext27                                text27       000000
__Htext28                                text28       000000
__Htext29                                text29       000000
__Htext3                                 text3        000000
__Htext30                                text30       000000
__Htext31                                text31       000000
__Htext32                                text32       000000
__Htext33                                text33       000000
__Htext34                                text34       000000
__Htext35                                text35       000000
__Htext36                                text36       000000
__Htext37                                text37       000000
__Htext38                                text38       000000
__Htext39                                text39       000000
__Htext4                                 text4        000000
__Htext40                                text40       000000
__Htext41                                text41       000000
__Htext5                                 text5        000000
__Htext6                                 text6        000000
__Htext7                                 text7        000000
__Htext8                                 text8        000000
__Htext9                                 text9        000000
__LRAM                                   (abs)        000001
__Labs1                                  abs1         000000
__Lbank0                                 bank0        000000
__Lbank1                                 bank1        000000
__Lbank2                                 bank2        000000
__Lbank3                                 bank3        000000
__Lbank4                                 bank4        000000
__Lbank5                                 bank5        000000
__Lbank6                                 bank6        000000
__Lbank7                                 bank7        000000
__Lbigbss                                bigbss       000000
__Lbigdata                               bigdata      000000
__Lbigram                                bigram       000000
__Lbigsfr                                bigsfr       000000
__Lbss                                   bss          000000
__LbssBANK0                              bssBANK0     000000
__LbssCOMRAM                             bssCOMRAM    000000
__Lcinit                                 cinit        000000
__Lclrtext                               clrtext      000000
__Lcomram                                comram       000000
__Lconfig                                config       000000
__Lconst                                 const        000000
__LcstackCOMRAM                          cstackCOMRAM 000000
__Ldata                                  data         000000
__Leeprom_data                           eeprom_data  000000
__Lfarbss                                farbss       000000
__Lfardata                               fardata      000000
__Lheap                                  heap         000000
__Libigdata                              ibigdata     000000
__Lidata                                 idata        000000
__Lidloc                                 idloc        000000
__Lifardata                              ifardata     000000
__Linit                                  init         00000E
__Lintcode                               intcode      000008
__Lintcode_body                          intcode_body 000000
__Lintcodelo                             intcodelo    00000E
__Lintentry                              intentry     000000
__Lintret                                intret       000000
__Lintsave_regs                          intsave_regs 000000
__Lirdata                                irdata       000000
__Lmediumconst                           mediumconst  000000
__LnvFARRAM                              nvFARRAM     000000
__Lnvbit                                 nvbit        000000
__Lnvrram                                nvrram       000000
__Lparam                                 rparam       000000
__Lpowerup                               powerup      00000E
__Lram                                   ram          000000
__Lramtop                                ramtop       000800
__Lrbit                                  rbit         000000
__Lrbss                                  rbss         000000
__Lrdata                                 rdata        000000
__Lreset_vec                             reset_vec    000000
__Lrparam                                rparam       000000
__Lsfr                                   sfr          000000
__Lsmallconst                            smallconst   000800
__Lspace_0                               (abs)        000000
__Lspace_1                               (abs)        000000
__Lspace_2                               (abs)        000000
__Lspace_4                               (abs)        000000
__Lstack                                 stack        000000
__Lstruct                                struct       000000
__Ltemp                                  temp         00005F
__Ltext                                  text         000000
__Ltext0                                 text0        000000
__Ltext1                                 text1        000000
__Ltext10                                text10       000000
__Ltext11                                text11       000000
__Ltext12                                text12       000000
__Ltext13                                text13       000000
__Ltext14                                text14       000000
__Ltext15                                text15       000000
__Ltext16                                text16       000000
__Ltext17                                text17       000000
__Ltext18                                text18       000000
__Ltext19                                text19       000000
__Ltext2                                 text2        000000
__Ltext20                                text20       000000
__Ltext21                                text21       000000
__Ltext22                                text22       000000
__Ltext23                                text23       000000
__Ltext24                                text24       000000
__Ltext25                                text25       000000
__Ltext26                                text26       000000
__Ltext27                                text27       000000
__Ltext28                                text28       000000
__Ltext29                                text29       000000
__Ltext3                                 text3        000000
__Ltext30                                text30       000000
__Ltext31                                text31       000000
__Ltext32                                text32       000000
__Ltext33                                text33       000000
__Ltext34                                text34       000000
__Ltext35                                text35       000000
__Ltext36                                text36       000000
__Ltext37                                text37       000000
__Ltext38                                text38       000000
__Ltext39                                text39       000000
__Ltext4                                 text4        000000
__Ltext40                                text40       000000
__Ltext41                                text41       000000
__Ltext5                                 text5        000000
__Ltext6                                 text6        000000
__Ltext7                                 text7        000000
__Ltext8                                 text8        000000
__Ltext9                                 text9        000000
__S0                                     (abs)        003A8E
__S1                                     (abs)        000090
__S4                                     (abs)        000000
__S5                                     (abs)        000000
___fladd                                 text36       000F08
___fladd@a                               cstackCOMRAM 000033
___fladd@aexp                            cstackCOMRAM 00003C
___fladd@b                               cstackCOMRAM 00002F
___fladd@bexp                            cstackCOMRAM 00003D
___fladd@grs                             cstackCOMRAM 00003E
___fladd@signs                           cstackCOMRAM 00003B
___flmul                                 text37       0013C8
___flmul@a                               cstackCOMRAM 00001A
___flmul@aexp                            cstackCOMRAM 000027
___flmul@b                               cstackCOMRAM 000016
___flmul@bexp                            cstackCOMRAM 000028
___flmul@grs                             cstackCOMRAM 000023
___flmul@prod                            cstackCOMRAM 000029
___flmul@sign                            cstackCOMRAM 000022
___flmul@temp                            cstackCOMRAM 00002D
___flsub                                 text35       0038FC
___flsub@a                               cstackCOMRAM 000043
___flsub@b                               cstackCOMRAM 00003F
___fltol                                 text34       002E4C
___fltol@exp1                            cstackCOMRAM 000050
___fltol@f1                              cstackCOMRAM 000047
___fltol@sign1                           cstackCOMRAM 00004F
___heap_hi                               (abs)        000000
___heap_lo                               (abs)        000000
___inthi_sp                              stack        000000
___intlo_sp                              stack        000000
___param_bank                            (abs)        000000
___rparam_used                           (abs)        000001
___sp                                    stack        000000
___xxtofl                                text33       001DBA
___xxtofl@arg                            cstackCOMRAM 000012
___xxtofl@exp                            cstackCOMRAM 000011
___xxtofl@sign                           cstackCOMRAM 000010
___xxtofl@val                            cstackCOMRAM 000008
__accesstop                              (abs)        000060
__activetblptr                           (abs)        000002
__end_of_ADC_Enable                      text23       00370C
__end_of_ADC_Readbits                    text41       003566
__end_of_ADC_SetConfiguration            text22       003A72
__end_of_ADC_multiButton                 text40       0029F4
__end_of_APP_DeviceJoystickInitialize    text24       003A88
__end_of_APP_DeviceJoystickTasks         text32       000F08
__end_of_BUTTON_Enable                   text21       00378A
__end_of_BUTTON_IsPressed                text39       003212
__end_of_SYSTEM_Initialize               text20       0035F8
__end_of_SYS_InterruptHigh               intcode_body 003A8E
__end_of_USBCheckHIDRequest              text19       002252
__end_of_USBCheckStdRequest              text12       002C34
__end_of_USBConfigureEndpoint            text26       00342E
__end_of_USBCtrlEPAllowDataStage         text11       00337E
__end_of_USBCtrlEPAllowStatusStage       text29       003044
__end_of_USBCtrlEPService                text7        0032CC
__end_of_USBCtrlEPServiceComplete        text10       002646
__end_of_USBCtrlTrfInHandler             text30       002E4C
__end_of_USBCtrlTrfOutHandler            text27       003800
__end_of_USBCtrlTrfRxService             text28       00278A
__end_of_USBCtrlTrfSetupHandler          text9        003688
__end_of_USBCtrlTrfTxService             text31       002D44
__end_of_USBDeviceInit                   text6        0024FC
__end_of_USBDeviceTasks                  text1        001DBA
__end_of_USBEnableEndpoint               text25       0038FC
__end_of_USBIncrement1msInternalTimers   text5        0039F8
__end_of_USBStallHandler                 text4        003860
__end_of_USBStdFeatureReqHandler         text17       001B54
__end_of_USBStdGetDscHandler             text16       0023B2
__end_of_USBStdGetStatusHandler          text15       002B16
__end_of_USBStdSetCfgHandler             text13       00312E
__end_of_USBSuspend                      text3        003A26
__end_of_USBTransferOnePacket            text38       0028C8
__end_of_USBWakeFromSuspend              text2        003984
__end_of_USB_CD_Ptr                      smallconst   000809
__end_of_USB_SD_Ptr                      smallconst   000807
__end_of_USER_USB_CALLBACK_EVENT_HANDLER text18       0034CA
__end_of___fladd                         text36       0013C8
__end_of___flmul                         text37       0017F2
__end_of___flsub                         text35       003942
__end_of___fltol                         text34       002F52
__end_of___xxtofl                        text33       001F6E
__end_of__initialization                 cinit        003A3E
__end_of_configDescriptor1               smallconst   00087C
__end_of_device_dsc                      smallconst   0008A0
__end_of_hid_rpt01                       smallconst   000836
__end_of_main                            text0        0039C4
__end_of_memcpy                          text8        0038B0
__end_of_memset                          text14       0020E4
__end_of_sd000                           smallconst   0008A4
__end_of_sd001                           smallconst   00085A
__end_of_sd002                           smallconst   00088E
__initialization                         cinit        003A26
__mediumconst                            mediumconst  000000
__pbssBANK0                              bssBANK0     000060
__pbssCOMRAM                             bssCOMRAM    000056
__pcinit                                 cinit        003A26
__pcstackCOMRAM                          cstackCOMRAM 000001
__pintcode                               intcode      000008
__pintcode_body                          intcode_body 003A88
__psmallconst                            smallconst   000800
__ptext0                                 text0        003984
__ptext1                                 text1        001B54
__ptext10                                text10       0024FC
__ptext11                                text11       0032CC
__ptext12                                text12       002B16
__ptext13                                text13       003044
__ptext14                                text14       001F6E
__ptext15                                text15       0029F4
__ptext16                                text16       002252
__ptext17                                text17       0017F2
__ptext18                                text18       00342E
__ptext19                                text19       0020E4
__ptext2                                 text2        003942
__ptext20                                text20       003566
__ptext21                                text21       00370C
__ptext22                                text22       003A4C
__ptext23                                text23       003688
__ptext24                                text24       003A72
__ptext25                                text25       0038B0
__ptext26                                text26       00337E
__ptext27                                text27       00378A
__ptext28                                text28       002646
__ptext29                                text29       002F52
__ptext3                                 text3        0039F8
__ptext30                                text30       002D44
__ptext31                                text31       002C34
__ptext32                                text32       0008A6
__ptext33                                text33       001DBA
__ptext34                                text34       002E4C
__ptext35                                text35       0038FC
__ptext36                                text36       000F08
__ptext37                                text37       0013C8
__ptext38                                text38       00278A
__ptext39                                text39       00312E
__ptext4                                 text4        003800
__ptext40                                text40       0028C8
__ptext41                                text41       0034CA
__ptext5                                 text5        0039C4
__ptext6                                 text6        0023B2
__ptext7                                 text7        003212
__ptext8                                 text8        003860
__ptext9                                 text9        0035F8
__ramtop                                 ramtop       000800
__smallconst                             smallconst   000800
_active_protocol                         bssBANK0     00008B
_configDescriptor1                       smallconst   00085A
_controlTransferState                    bssBANK0     000089
_device_dsc                              smallconst   00088E
_endpoint_number                         bssBANK0     000086
_ep_data_in                              bssBANK0     00007A
_ep_data_out                             bssBANK0     000078
_hid_rpt01                               smallconst   000809
_idle_rate                               bssBANK0     00008C
_inPipes                                 bssBANK0     000068
_joystick_input                          (abs)        000500
_lastTransmission                        bssBANK0     000076
_main                                    text0        003984
_memcpy                                  text8        003860
_memset                                  text14       001F6E
_outPipes                                bssBANK0     000060
_pBDTEntryEP0OutCurrent                  bssCOMRAM    00005C
_pBDTEntryEP0OutNext                     bssCOMRAM    00005A
_pBDTEntryIn                             bssCOMRAM    000056
_pBDTEntryOut                            bssBANK0     000072
_pDst                                    bssBANK0     00007C
_sd000                                   smallconst   0008A0
_sd001                                   smallconst   000836
_sd002                                   smallconst   00087C
_shortPacketStatus                       bssBANK0     00008A
btemp                                    temp         00005F
end_of_initialization                    cinit        003A3E
int$flags                                temp         00005F
int_func                                 intcode_body 003A88
intlevel0                                text         000000
intlevel1                                text         000000
intlevel2                                text         000000
intlevel3                                text         000000
isa$std                                  (abs)        000001
isa$xinst                                (abs)        000000
memcpy@d                                 cstackCOMRAM 000007
memcpy@d1                                cstackCOMRAM 000001
memcpy@n                                 cstackCOMRAM 000005
memcpy@s                                 cstackCOMRAM 000009
memcpy@s1                                cstackCOMRAM 000003
memcpy@tmp                               cstackCOMRAM 00000B
memset@c                                 cstackCOMRAM 000003
memset@dest                              cstackCOMRAM 000001
memset@k                                 cstackCOMRAM 000009
memset@n                                 cstackCOMRAM 000005
memset@s                                 cstackCOMRAM 00000B
stackhi                                  (abs)        000000
stacklo                                  (abs)        000000
start                                    init         00000E
start_initialization                     cinit        003A26
ttemp5                                   temp         000060
ttemp6                                   temp         000063
ttemp7                                   temp         000067
wtemp8                                   temp         000060


MODULE INFORMATION

Module		Function		Class		Link	Load	Size
C:\Program Files\Microchip\xc8\v2.40\pic\sources\c99\common\sprcmul.c
		___flmul       		CODE           	13C8	0000	1066

C:\Program Files\Microchip\xc8\v2.40\pic\sources\c99\common\sprcmul.c estimated size: 1066

C:\Program Files\Microchip\xc8\v2.40\pic\sources\c99\common\memcpy.c
		_memcpy        		CODE           	3860	0000	80

C:\Program Files\Microchip\xc8\v2.40\pic\sources\c99\common\memcpy.c estimated size: 80

C:\Program Files\Microchip\xc8\v2.40\pic\sources\c99\common\fltol.c
		___fltol       		CODE           	2E4C	0000	262

C:\Program Files\Microchip\xc8\v2.40\pic\sources\c99\common\fltol.c estimated size: 262

../source/app_device_joystick.c
		_APP_DeviceJoystickInitialize		CODE           	3A72	0000	22
		_APP_DeviceJoystickTasks		CODE           	08A6	0000	1634

../source/app_device_joystick.c estimated size: 1656

../source/usb/usb_device_hid.c
		_USBCheckHIDRequest		CODE           	20E4	0000	366

../source/usb/usb_device_hid.c estimated size: 366

C:\Program Files\Microchip\xc8\v2.40\pic\sources\c99\common\sprcadd.c
		___flsub       		CODE           	38FC	0000	70
		___fladd       		CODE           	0F08	0000	1216

C:\Program Files\Microchip\xc8\v2.40\pic\sources\c99\common\sprcadd.c estimated size: 1286

../source/buttons.c
		_BUTTON_IsPressed		CODE           	312E	0000	228
		_BUTTON_Enable 		CODE           	370C	0000	126

../source/buttons.c estimated size: 354

../source/main.c
		_main          		CODE           	3984	0000	64

../source/main.c estimated size: 64

../source/adc.c
		_ADC_multiButton		CODE           	28C8	0000	300
		_ADC_Enable    		CODE           	3688	0000	132
		_ADC_Readbits  		CODE           	34CA	0000	156
		_ADC_SetConfiguration		CODE           	3A4C	0000	38

../source/adc.c estimated size: 626

C:\Program Files\Microchip\xc8\v2.40\pic\sources\c99\common\xxtofl.c
		___xxtofl      		CODE           	1DBA	0000	436

C:\Program Files\Microchip\xc8\v2.40\pic\sources\c99\common\xxtofl.c estimated size: 436

shared
		_configDescriptor1		SMALLCONST     	085A	0000	34
		_USB_CD_Ptr    		SMALLCONST     	0807	0000	2
		_sd001         		SMALLCONST     	0836	0000	36
		_sd002         		SMALLCONST     	087C	0000	18
		__initialization		CODE           	3A26	0000	24
		_device_dsc    		SMALLCONST     	088E	0000	18
		_USB_SD_Ptr    		SMALLCONST     	0801	0000	6
		_hid_rpt01     		SMALLCONST     	0809	0000	45
		_sd000         		SMALLCONST     	08A0	0000	4

shared estimated size: 187

C:\Program Files\Microchip\xc8\v2.40\pic\sources\c99\common\memset.c
		_memset        		CODE           	1F6E	0000	374

C:\Program Files\Microchip\xc8\v2.40\pic\sources\c99\common\memset.c estimated size: 374

../source/usb/usb_device.c
		_USBCtrlTrfInHandler		CODE           	2D44	0000	264
		_USBTransferOnePacket		CODE           	278A	0000	318
		_USBStdGetDscHandler		CODE           	2252	0000	352
		_USBCtrlEPAllowDataStage		CODE           	32CC	0000	178
		_USBStdFeatureReqHandler		CODE           	17F2	0000	866
		_USBCtrlEPAllowStatusStage		CODE           	2F52	0000	242
		_USBCtrlTrfSetupHandler		CODE           	35F8	0000	144
		_USBCtrlTrfOutHandler		CODE           	378A	0000	118
		_USBCtrlEPServiceComplete		CODE           	24FC	0000	330
		_USBSuspend    		CODE           	39F8	0000	46
		_USBStdSetCfgHandler		CODE           	3044	0000	234
		_USBStdGetStatusHandler		CODE           	29F4	0000	290
		_USBWakeFromSuspend		CODE           	3942	0000	66
		_USBCtrlTrfRxService		CODE           	2646	0000	324
		_USBCtrlTrfTxService		CODE           	2C34	0000	272
		_USBEnableEndpoint		CODE           	38B0	0000	76
		_USBConfigureEndpoint		CODE           	337E	0000	176
		_USBDeviceInit 		CODE           	23B2	0000	330
		_USBIncrement1msInternalTimers		CODE           	39C4	0000	52
		_USBCtrlEPService		CODE           	3212	0000	186
		_USBStallHandler		CODE           	3800	0000	96
		_USBDeviceTasks		CODE           	1B54	0000	614
		_USBCheckStdRequest		CODE           	2B16	0000	286

../source/usb/usb_device.c estimated size: 5860

../source/usb/usb_events.c
		_USER_USB_CALLBACK_EVENT_HANDLER		CODE           	342E	0000	156

../source/usb/usb_events.c estimated size: 156

system.c
		_SYS_InterruptHigh		CODE           	0008	0000	12
		_SYSTEM_Initialize		CODE           	3566	0000	146

system.c estimated size: 158

