Microchip MPLAB XC8 Compiler V2.40

Linker command line:

--edf=C:\Program Files\Microchip\xc8\v2.40\pic\dat\20220703182018_en.msgs \
  -cn -h+dist/PICDEM_FSUSB/production\RPS.X.production.sym \
  --cmf=dist/PICDEM_FSUSB/production\RPS.X.production.cmf -z -Q18F4550 \
  -oC:\Users\admin\AppData\Local\Temp\xcAsaao.4 --defsym=__MPLAB_BUILD=1 \
  --fixupoverflow=error -Mdist/PICDEM_FSUSB/production/RPS.X.production.map \
  --md=C:\Users\admin\AppData\Local\Temp\xcAsaao.dat -E1 -ver=XC8 Compiler \
  --acfsm=1493 -ACODE=00h-07FFFh -ACONST=00h-07FFFh \
  -ASMALLCONST=0800h-08FFhx120 -AMEDIUMCONST=0800h-07FFFh -ACOMRAM=01h-05Fh \
  -AABS1=00h-07FFh -ABIGRAM=01h-07FFh -ARAM=060h-0FFh,0100h-01FFhx7 \
  -ABANK0=060h-0FFh -ABANK1=0100h-01FFh -ABANK2=0200h-02FFh \
  -ABANK3=0300h-03FFh -ABANK4=0400h-04FFh -ABANK5=0500h-05FFh \
  -ABANK6=0600h-06FFh -ABANK7=0700h-07FFh -ASFR=0F60h-0FFFh \
  -ABIGSFR=0F60h-0FFFh -ACONFIG=0300000h-030000Dh -AIDLOC=0200000h-0200007h \
  -AEEDATA=0F00000h-0F000FFh -peeprom_data=EEDATA \
  -preset_vec=00h,intcode=08h,intcodelo,powerup,init -pramtop=0800h \
  -psmallconst=SMALLCONST -pmediumconst=MEDIUMCONST -pconst=CONST \
  -AFARRAM=00h-00h \
  -prdata=COMRAM,nvrram=COMRAM,nvbit=COMRAM,rbss=COMRAM,rbit=COMRAM \
  -pfarbss=FARRAM,fardata=FARRAM,nvFARRAM=FARRAM \
  -pintsave_regs=BIGRAM,bigbss=BIGRAM,bigdata=BIGRAM -pbss=RAM \
  -pidata=CODE,irdata=CODE,ibigdata=CODE,ifardata=CODE -prparam=COMRAM \
  C:\Users\admin\AppData\Local\Temp\xcAsaao.o \
  dist/PICDEM_FSUSB/production\RPS.X.production.o 

Object code version is 3.11

Machine type is 18F4550



                Name                               Link     Load   Length Selector   Space Scale
C:\Users\admin\AppData\Local\Temp\xcAsaao.o
                idloc                            200000   200000        8        0       5
                config                           300000   300000        E        0       4
                init                                  E        E        4        4       0
                reset_vec                             0        0        4        0       0
dist/PICDEM_FSUSB/production\RPS.X.production.o
                intcode                               8        8        6        4       0
                idloc                            200000   200000        8        0       5
                config                           300000   300000        E        0       4
                temp                                 5B       5B        1        1       1
                smallconst                          800      800       A8      400       0
                intcode_body                       25DC     25DC        6      454       0
                text33                             1EFE     1EFE       B4      454       0
                text32                             1644     1644      13E      454       0
                text31                             1E48     1E48       B6      454       0
                text30                             19AC     19AC      10A      454       0
                text29                             1AB6     1AB6      104      454       0
                text28                             1BBA     1BBA       F0      454       0
                text27                             13C2     13C2      142      454       0
                text26                             22E6     22E6       74      454       0
                text25                             1FB2     1FB2       B0      454       0
                text24                             2460     2460       4C      454       0
                text23                             25C8     25C8       14      454       0
                text22                             2062     2062       AE      454       0
                text21                             2588     2588       26      454       0
                text20                             23BA     23BA       56      454       0
                text19                              FCC      FCC      160      454       0
                text18                             21BC     21BC       9C      454       0
                text17                              8A8      8A8      34C      454       0
                text16                             112C     112C      150      454       0
                text15                             1782     1782      116      454       0
                text14                              E56      E56      176      454       0
                text13                             1CAA     1CAA       E6      454       0
                text12                             1898     1898      114      454       0
                text11                             2110     2110       AC      454       0
                text10                             1504     1504      140      454       0
                text9                              2258     2258       8E      454       0
                text8                              2410     2410       50      454       0
                text7                              1D90     1D90       B8      454       0
                text6                              127C     127C      146      454       0
                text5                              252A     252A       32      454       0
                text4                              235A     235A       60      454       0
                text3                              255C     255C       2C      454       0
                text2                              24EC     24EC       3E      454       0
                text1                               BF4      BF4      262      454       0
                text0                              24AC     24AC       40      454       0
                cstackCOMRAM                         3A       3A       21        1       1
                bssCOMRAM                             1        1       39        1       1
                cinit                              25AE     25AE       1A      454       0

TOTAL           Name                               Link     Load   Length     Space
        CLASS   CODE           
                intcode                               8        8        6         0
                init                                  E        E        4         0
                reset_vec                             0        0        4         0
                intcode_body                       25DC     25DC        6         0
                text33                             1EFE     1EFE       B4         0
                text32                             1644     1644      13E         0
                text31                             1E48     1E48       B6         0
                text30                             19AC     19AC      10A         0
                text29                             1AB6     1AB6      104         0
                text28                             1BBA     1BBA       F0         0
                text27                             13C2     13C2      142         0
                text26                             22E6     22E6       74         0
                text25                             1FB2     1FB2       B0         0
                text24                             2460     2460       4C         0
                text23                             25C8     25C8       14         0
                text22                             2062     2062       AE         0
                text21                             2588     2588       26         0
                text20                             23BA     23BA       56         0
                text19                              FCC      FCC      160         0
                text18                             21BC     21BC       9C         0
                text17                              8A8      8A8      34C         0
                text16                             112C     112C      150         0
                text15                             1782     1782      116         0
                text14                              E56      E56      176         0
                text13                             1CAA     1CAA       E6         0
                text12                             1898     1898      114         0
                text11                             2110     2110       AC         0
                text10                             1504     1504      140         0
                text9                              2258     2258       8E         0
                text8                              2410     2410       50         0
                text7                              1D90     1D90       B8         0
                text6                              127C     127C      146         0
                text5                              252A     252A       32         0
                text4                              235A     235A       60         0
                text3                              255C     255C       2C         0
                text2                              24EC     24EC       3E         0
                text1                               BF4      BF4      262         0
                text0                              24AC     24AC       40         0
                cinit                              25AE     25AE       1A         0

        CLASS   CONST          

        CLASS   SMALLCONST     
                smallconst                          800      800       A8         0

        CLASS   MEDIUMCONST    

        CLASS   COMRAM         
                temp                                 5B       5B        1         1
                cstackCOMRAM                         3A       3A       21         1
                bssCOMRAM                             1        1       39         1

        CLASS   ABS1           
                abs_s1                              400      400       30         1
                abs_s1                              500      500        3         1

        CLASS   BIGRAM         

        CLASS   RAM            

        CLASS   BANK0          

        CLASS   BANK1          

        CLASS   BANK2          

        CLASS   BANK3          

        CLASS   BANK4          

        CLASS   BANK5          

        CLASS   BANK6          

        CLASS   BANK7          

        CLASS   SFR            

        CLASS   BIGSFR         

        CLASS   CONFIG         
                config                           300000   300000        E         4

        CLASS   IDLOC          
                idloc                            200000   200000        8         5

        CLASS   EEDATA         

        CLASS   FARRAM         

        CLASS   HEAP           

        CLASS   STACK          



SEGMENTS        Name                           Load    Length   Top    Selector   Space  Class

                reset_vec                      000000  000004  000004         0       0  CODE    
                bssCOMRAM                      000001  00005B  00005C         1       1  COMRAM  
                intcode                        000008  00000A  000012         4       0  CODE    
                smallconst                     000800  0000A8  0008A8       400       0  SMALLCON
                text17                         0008A8  001D3A  0025E2       454       0  CODE    


UNUSED ADDRESS RANGES

        Name                Unused          Largest block    Delta
        BANK0            000060-0000FF               A0
        BANK1            000100-0001FF              100
        BANK2            000200-0002FF              100
        BANK3            000300-0003FF              100
        BANK4            000430-0004FF               D0
        BANK5            000503-0005FF               FD
        BANK6            000600-0006FF              100
        BANK7            000700-0007FF              100
        BIGRAM           00005C-0003FF              3A4
                         000430-0004FF               D0
                         000503-0007FF              2FD
        BIGSFR           000F60-000FFF               A0
        CODE             000004-000007                4
                         000012-0007FF              7EE
                         0025E2-007FFF             5A1E
        COMRAM           00005C-00005F                4
        CONST            000004-000007                4
                         000012-0007FF              7EE
                         0025E2-007FFF             5A1E
        EEDATA           F00000-F000FF              100
        MEDIUMCONST      0025E2-007FFF             5A1E
        RAM              000060-0003FF              100
                         000430-0004FF               D0
                         000503-0007FF              100
        SFR              000F60-000FFF               A0
        SMALLCONST       0025E2-007FFF              100

                                  Symbol Table

?_ADC_Readbits                           cstackCOMRAM 00003A
?_USBTransferOnePacket                   cstackCOMRAM 00003A
ADC_Enable@channel                       cstackCOMRAM 00003C
ADC_Readbits@channel                     cstackCOMRAM 000040
ADC_Readbits@result                      cstackCOMRAM 00003E
ADC_SetConfiguration@configuration       cstackCOMRAM 00003A
SYSTEM_Initialize@state                  cstackCOMRAM 00003F
USBConfigureEndpoint@EPNum               cstackCOMRAM 000041
USBConfigureEndpoint@direction           cstackCOMRAM 00003A
USBConfigureEndpoint@handle              cstackCOMRAM 000042
USBCtrlTrfInHandler@lastDTS              cstackCOMRAM 00003B
USBCtrlTrfRxService@byteToRead           cstackCOMRAM 00003B
USBCtrlTrfRxService@i                    cstackCOMRAM 00003A
USBCtrlTrfTxService@byteToSend           cstackCOMRAM 00003A
USBDeviceInit@i                          cstackCOMRAM 000046
USBDeviceTasks@i                         cstackCOMRAM 00005A
USBEnableEndpoint@ep                     cstackCOMRAM 000047
USBEnableEndpoint@options                cstackCOMRAM 000044
USBEnableEndpoint@p                      cstackCOMRAM 000045
USBStdFeatureReqHandler@current_ep_data  cstackCOMRAM 000054
USBStdFeatureReqHandler@p                cstackCOMRAM 000055
USBStdFeatureReqHandler@pUEP             cstackCOMRAM 000052
USBStdGetStatusHandler@p                 cstackCOMRAM 00003C
USBStdSetCfgHandler@i                    cstackCOMRAM 000050
USBTransferOnePacket@data                cstackCOMRAM 00003B
USBTransferOnePacket@dir                 cstackCOMRAM 00003A
USBTransferOnePacket@ep                  cstackCOMRAM 000042
USBTransferOnePacket@handle              cstackCOMRAM 000043
USBTransferOnePacket@len                 cstackCOMRAM 00003D
USER_USB_CALLBACK_EVENT_HANDLER@event    cstackCOMRAM 000048
USER_USB_CALLBACK_EVENT_HANDLER@pdata    cstackCOMRAM 00004A
USER_USB_CALLBACK_EVENT_HANDLER@size     cstackCOMRAM 00004C
_ADCON0                                  (abs)        000FC2
_ADCON0bits                              (abs)        000FC2
_ADCON1bits                              (abs)        000FC1
_ADCON2                                  (abs)        000FC0
_ADCON2bits                              (abs)        000FC0
_ADC_Enable                              text22       002062
_ADC_Readbits                            text33       001EFE
_ADC_SetConfiguration                    text21       002588
_ADRESH                                  (abs)        000FC4
_ADRESL                                  (abs)        000FC3
_APP_DeviceJoystickInitialize            text23       0025C8
_APP_DeviceJoystickTasks                 text31       001E48
_BDT                                     (abs)        000400
_BothEP0OutUOWNsSet                      bssCOMRAM    00002E
_CtrlTrfData                             (abs)        000428
_PIE2bits                                (abs)        000FA0
_PIR2bits                                (abs)        000FA1
_PORTBbits                               (abs)        000F81
_RemoteWakeup                            bssCOMRAM    000031
_SYSTEM_Initialize                       text20       0023BA
_SYS_InterruptHigh                       intcode      000008
_SetupPkt                                (abs)        000420
_TRISAbits                               (abs)        000F92
_TRISBbits                               (abs)        000F93
_TRISEbits                               (abs)        000F96
_UADDR                                   (abs)        000F6E
_UCFG                                    (abs)        000F6F
_UCON                                    (abs)        000F6D
_UCONbits                                (abs)        000F6D
_UEIE                                    (abs)        000F6B
_UEIR                                    (abs)        000F6A
_UEP0                                    (abs)        000F70
_UEP0bits                                (abs)        000F70
_UEP1                                    (abs)        000F71
_UIE                                     (abs)        000F69
_UIEbits                                 (abs)        000F69
_UIR                                     (abs)        000F68
_UIRbits                                 (abs)        000F68
_USB1msTickCount                         bssCOMRAM    00000F
_USBActiveConfiguration                  bssCOMRAM    000039
_USBAlternateInterface                   bssCOMRAM    000038
_USBBusIsSuspended                       bssCOMRAM    000030
_USBCheckHIDRequest                      text19       000FCC
_USBCheckStdRequest                      text12       001898
_USBConfigureEndpoint                    text25       001FB2
_USBCtrlEPAllowDataStage                 text11       002110
_USBCtrlEPAllowStatusStage               text28       001BBA
_USBCtrlEPService                        text7        001D90
_USBCtrlEPServiceComplete                text10       001504
_USBCtrlTrfInHandler                     text29       001AB6
_USBCtrlTrfOutHandler                    text26       0022E6
_USBCtrlTrfRxService                     text27       0013C2
_USBCtrlTrfSetupHandler                  text9        002258
_USBCtrlTrfTxService                     text30       0019AC
_USBDeferINDataStagePackets              bssCOMRAM    000029
_USBDeferOUTDataStagePackets             bssCOMRAM    000028
_USBDeferStatusStagePacket               bssCOMRAM    00002C
_USBDeviceInit                           text6        00127C
_USBDeviceState                          bssCOMRAM    000034
_USBDeviceTasks                          text1        000BF4
_USBEnableEndpoint                       text24       002460
_USBIncrement1msInternalTimers           text5        00252A
_USBStallHandler                         text4        00235A
_USBStatusStageEnabledFlag1              bssCOMRAM    00002B
_USBStatusStageEnabledFlag2              bssCOMRAM    00002A
_USBStatusStageTimeoutCounter            bssCOMRAM    00002D
_USBStdFeatureReqHandler                 text17       0008A8
_USBStdGetDscHandler                     text16       00112C
_USBStdGetStatusHandler                  text15       001782
_USBStdSetCfgHandler                     text13       001CAA
_USBSuspend                              text3        00255C
_USBTicksSinceSuspendEnd                 bssCOMRAM    000027
_USBTransferOnePacket                    text32       001644
_USBWakeFromSuspend                      text2        0024EC
_USB_CD_Ptr                              smallconst   000807
_USB_SD_Ptr                              smallconst   000801
_USER_USB_CALLBACK_EVENT_HANDLER         text18       0021BC
_USTAT                                   (abs)        000F6C
_USTATcopy                               bssCOMRAM    000037
__HRAM                                   (abs)        000000
__Habs1                                  abs1         000000
__Hbank0                                 bank0        000000
__Hbank1                                 bank1        000000
__Hbank2                                 bank2        000000
__Hbank3                                 bank3        000000
__Hbank4                                 bank4        000000
__Hbank5                                 bank5        000000
__Hbank6                                 bank6        000000
__Hbank7                                 bank7        000000
__Hbigbss                                bigbss       000000
__Hbigdata                               bigdata      000000
__Hbigram                                bigram       000000
__Hbigsfr                                bigsfr       000000
__Hbss                                   bss          000000
__HbssCOMRAM                             bssCOMRAM    000000
__Hcinit                                 cinit        000000
__Hclrtext                               clrtext      000000
__Hcomram                                comram       000000
__Hconfig                                config       30000E
__Hconst                                 const        000000
__HcstackCOMRAM                          cstackCOMRAM 000000
__Hdata                                  data         000000
__Heeprom_data                           eeprom_data  000000
__Hfarbss                                farbss       000000
__Hfardata                               fardata      000000
__Hheap                                  heap         000000
__Hibigdata                              ibigdata     000000
__Hidata                                 idata        000000
__Hidloc                                 idloc        200008
__Hifardata                              ifardata     000000
__Hinit                                  init         000012
__Hintcode                               intcode      00000E
__Hintcode_body                          intcode_body 000000
__Hintcodelo                             intcodelo    00000E
__Hintentry                              intentry     000000
__Hintret                                intret       000000
__Hintsave_regs                          intsave_regs 000000
__Hirdata                                irdata       000000
__Hmediumconst                           mediumconst  000000
__HnvFARRAM                              nvFARRAM     000000
__Hnvbit                                 nvbit        000000
__Hnvrram                                nvrram       000000
__Hparam                                 rparam       000000
__Hpowerup                               powerup      00000E
__Hram                                   ram          000000
__Hramtop                                ramtop       000800
__Hrbit                                  rbit         000000
__Hrbss                                  rbss         000000
__Hrdata                                 rdata        000000
__Hreset_vec                             reset_vec    000004
__Hrparam                                rparam       000000
__Hsfr                                   sfr          000000
__Hsmallconst                            smallconst   0008A8
__Hspace_0                               (abs)        0025E2
__Hspace_1                               (abs)        00005C
__Hspace_2                               (abs)        000000
__Hspace_4                               (abs)        60000E
__Hstack                                 stack        000000
__Hstruct                                struct       000000
__Htemp                                  temp         00005C
__Htext                                  text         000000
__Htext0                                 text0        000000
__Htext1                                 text1        000000
__Htext10                                text10       000000
__Htext11                                text11       000000
__Htext12                                text12       000000
__Htext13                                text13       000000
__Htext14                                text14       000000
__Htext15                                text15       000000
__Htext16                                text16       000000
__Htext17                                text17       000000
__Htext18                                text18       000000
__Htext19                                text19       000000
__Htext2                                 text2        000000
__Htext20                                text20       000000
__Htext21                                text21       000000
__Htext22                                text22       000000
__Htext23                                text23       000000
__Htext24                                text24       000000
__Htext25                                text25       000000
__Htext26                                text26       000000
__Htext27                                text27       000000
__Htext28                                text28       000000
__Htext29                                text29       000000
__Htext3                                 text3        000000
__Htext30                                text30       000000
__Htext31                                text31       000000
__Htext32                                text32       000000
__Htext33                                text33       000000
__Htext4                                 text4        000000
__Htext5                                 text5        000000
__Htext6                                 text6        000000
__Htext7                                 text7        000000
__Htext8                                 text8        000000
__Htext9                                 text9        000000
__LRAM                                   (abs)        000001
__Labs1                                  abs1         000000
__Lbank0                                 bank0        000000
__Lbank1                                 bank1        000000
__Lbank2                                 bank2        000000
__Lbank3                                 bank3        000000
__Lbank4                                 bank4        000000
__Lbank5                                 bank5        000000
__Lbank6                                 bank6        000000
__Lbank7                                 bank7        000000
__Lbigbss                                bigbss       000000
__Lbigdata                               bigdata      000000
__Lbigram                                bigram       000000
__Lbigsfr                                bigsfr       000000
__Lbss                                   bss          000000
__LbssCOMRAM                             bssCOMRAM    000000
__Lcinit                                 cinit        000000
__Lclrtext                               clrtext      000000
__Lcomram                                comram       000000
__Lconfig                                config       000000
__Lconst                                 const        000000
__LcstackCOMRAM                          cstackCOMRAM 000000
__Ldata                                  data         000000
__Leeprom_data                           eeprom_data  000000
__Lfarbss                                farbss       000000
__Lfardata                               fardata      000000
__Lheap                                  heap         000000
__Libigdata                              ibigdata     000000
__Lidata                                 idata        000000
__Lidloc                                 idloc        000000
__Lifardata                              ifardata     000000
__Linit                                  init         00000E
__Lintcode                               intcode      000008
__Lintcode_body                          intcode_body 000000
__Lintcodelo                             intcodelo    00000E
__Lintentry                              intentry     000000
__Lintret                                intret       000000
__Lintsave_regs                          intsave_regs 000000
__Lirdata                                irdata       000000
__Lmediumconst                           mediumconst  000000
__LnvFARRAM                              nvFARRAM     000000
__Lnvbit                                 nvbit        000000
__Lnvrram                                nvrram       000000
__Lparam                                 rparam       000000
__Lpowerup                               powerup      00000E
__Lram                                   ram          000000
__Lramtop                                ramtop       000800
__Lrbit                                  rbit         000000
__Lrbss                                  rbss         000000
__Lrdata                                 rdata        000000
__Lreset_vec                             reset_vec    000000
__Lrparam                                rparam       000000
__Lsfr                                   sfr          000000
__Lsmallconst                            smallconst   000800
__Lspace_0                               (abs)        000000
__Lspace_1                               (abs)        000000
__Lspace_2                               (abs)        000000
__Lspace_4                               (abs)        000000
__Lstack                                 stack        000000
__Lstruct                                struct       000000
__Ltemp                                  temp         00005B
__Ltext                                  text         000000
__Ltext0                                 text0        000000
__Ltext1                                 text1        000000
__Ltext10                                text10       000000
__Ltext11                                text11       000000
__Ltext12                                text12       000000
__Ltext13                                text13       000000
__Ltext14                                text14       000000
__Ltext15                                text15       000000
__Ltext16                                text16       000000
__Ltext17                                text17       000000
__Ltext18                                text18       000000
__Ltext19                                text19       000000
__Ltext2                                 text2        000000
__Ltext20                                text20       000000
__Ltext21                                text21       000000
__Ltext22                                text22       000000
__Ltext23                                text23       000000
__Ltext24                                text24       000000
__Ltext25                                text25       000000
__Ltext26                                text26       000000
__Ltext27                                text27       000000
__Ltext28                                text28       000000
__Ltext29                                text29       000000
__Ltext3                                 text3        000000
__Ltext30                                text30       000000
__Ltext31                                text31       000000
__Ltext32                                text32       000000
__Ltext33                                text33       000000
__Ltext4                                 text4        000000
__Ltext5                                 text5        000000
__Ltext6                                 text6        000000
__Ltext7                                 text7        000000
__Ltext8                                 text8        000000
__Ltext9                                 text9        000000
__S0                                     (abs)        0025E2
__S1                                     (abs)        00005C
__S4                                     (abs)        000000
__S5                                     (abs)        000000
___heap_hi                               (abs)        000000
___heap_lo                               (abs)        000000
___inthi_sp                              stack        000000
___intlo_sp                              stack        000000
___param_bank                            (abs)        000000
___rparam_used                           (abs)        000001
___sp                                    stack        000000
__accesstop                              (abs)        000060
__activetblptr                           (abs)        000002
__end_of_ADC_Enable                      text22       002110
__end_of_ADC_Readbits                    text33       001FB2
__end_of_ADC_SetConfiguration            text21       0025AE
__end_of_APP_DeviceJoystickInitialize    text23       0025DC
__end_of_APP_DeviceJoystickTasks         text31       001EFE
__end_of_SYSTEM_Initialize               text20       002410
__end_of_SYS_InterruptHigh               intcode_body 0025E2
__end_of_USBCheckHIDRequest              text19       00112C
__end_of_USBCheckStdRequest              text12       0019AC
__end_of_USBConfigureEndpoint            text25       002062
__end_of_USBCtrlEPAllowDataStage         text11       0021BC
__end_of_USBCtrlEPAllowStatusStage       text28       001CAA
__end_of_USBCtrlEPService                text7        001E48
__end_of_USBCtrlEPServiceComplete        text10       001644
__end_of_USBCtrlTrfInHandler             text29       001BBA
__end_of_USBCtrlTrfOutHandler            text26       00235A
__end_of_USBCtrlTrfRxService             text27       001504
__end_of_USBCtrlTrfSetupHandler          text9        0022E6
__end_of_USBCtrlTrfTxService             text30       001AB6
__end_of_USBDeviceInit                   text6        0013C2
__end_of_USBDeviceTasks                  text1        000E56
__end_of_USBEnableEndpoint               text24       0024AC
__end_of_USBIncrement1msInternalTimers   text5        00255C
__end_of_USBStallHandler                 text4        0023BA
__end_of_USBStdFeatureReqHandler         text17       000BF4
__end_of_USBStdGetDscHandler             text16       00127C
__end_of_USBStdGetStatusHandler          text15       001898
__end_of_USBStdSetCfgHandler             text13       001D90
__end_of_USBSuspend                      text3        002588
__end_of_USBTransferOnePacket            text32       001782
__end_of_USBWakeFromSuspend              text2        00252A
__end_of_USB_CD_Ptr                      smallconst   000809
__end_of_USB_SD_Ptr                      smallconst   000807
__end_of_USER_USB_CALLBACK_EVENT_HANDLER text18       002258
__end_of__initialization                 cinit        0025BA
__end_of_configDescriptor1               smallconst   000877
__end_of_device_dsc                      smallconst   0008A2
__end_of_hid_rpt01                       smallconst   000890
__end_of_main                            text0        0024EC
__end_of_memcpy                          text8        002460
__end_of_memset                          text14       000FCC
__end_of_sd000                           smallconst   0008A6
__end_of_sd001                           smallconst   000855
__end_of_sd002                           smallconst   000831
__initialization                         cinit        0025AE
__mediumconst                            mediumconst  000000
__pbssCOMRAM                             bssCOMRAM    000001
__pcinit                                 cinit        0025AE
__pcstackCOMRAM                          cstackCOMRAM 00003A
__pintcode                               intcode      000008
__pintcode_body                          intcode_body 0025DC
__psmallconst                            smallconst   000800
__ptext0                                 text0        0024AC
__ptext1                                 text1        000BF4
__ptext10                                text10       001504
__ptext11                                text11       002110
__ptext12                                text12       001898
__ptext13                                text13       001CAA
__ptext14                                text14       000E56
__ptext15                                text15       001782
__ptext16                                text16       00112C
__ptext17                                text17       0008A8
__ptext18                                text18       0021BC
__ptext19                                text19       000FCC
__ptext2                                 text2        0024EC
__ptext20                                text20       0023BA
__ptext21                                text21       002588
__ptext22                                text22       002062
__ptext23                                text23       0025C8
__ptext24                                text24       002460
__ptext25                                text25       001FB2
__ptext26                                text26       0022E6
__ptext27                                text27       0013C2
__ptext28                                text28       001BBA
__ptext29                                text29       001AB6
__ptext3                                 text3        00255C
__ptext30                                text30       0019AC
__ptext31                                text31       001E48
__ptext32                                text32       001644
__ptext33                                text33       001EFE
__ptext4                                 text4        00235A
__ptext5                                 text5        00252A
__ptext6                                 text6        00127C
__ptext7                                 text7        001D90
__ptext8                                 text8        002410
__ptext9                                 text9        002258
__ramtop                                 ramtop       000800
__smallconst                             smallconst   000800
_active_protocol                         bssCOMRAM    000035
_configDescriptor1                       smallconst   000855
_controlTransferState                    bssCOMRAM    000032
_device_dsc                              smallconst   000890
_endpoint_number                         bssCOMRAM    00002F
_ep_data_in                              bssCOMRAM    00001F
_ep_data_out                             bssCOMRAM    00001D
_hid_rpt01                               smallconst   000877
_idle_rate                               bssCOMRAM    000036
_inPipes                                 bssCOMRAM    000009
_joystick_input                          (abs)        000500
_lastTransmission                        bssCOMRAM    00001B
_main                                    text0        0024AC
_memcpy                                  text8        002410
_memset                                  text14       000E56
_outPipes                                bssCOMRAM    000001
_pBDTEntryEP0OutCurrent                  bssCOMRAM    000025
_pBDTEntryEP0OutNext                     bssCOMRAM    000023
_pBDTEntryIn                             bssCOMRAM    000013
_pBDTEntryOut                            bssCOMRAM    000017
_pDst                                    bssCOMRAM    000021
_sd000                                   smallconst   0008A2
_sd001                                   smallconst   000831
_sd002                                   smallconst   000809
_shortPacketStatus                       bssCOMRAM    000033
btemp                                    temp         00005B
end_of_initialization                    cinit        0025BA
int$flags                                temp         00005B
int_func                                 intcode_body 0025DC
intlevel0                                text         000000
intlevel1                                text         000000
intlevel2                                text         000000
intlevel3                                text         000000
isa$std                                  (abs)        000001
isa$xinst                                (abs)        000000
memcpy@d                                 cstackCOMRAM 000040
memcpy@d1                                cstackCOMRAM 00003A
memcpy@n                                 cstackCOMRAM 00003E
memcpy@s                                 cstackCOMRAM 000042
memcpy@s1                                cstackCOMRAM 00003C
memcpy@tmp                               cstackCOMRAM 000044
memset@c                                 cstackCOMRAM 00003C
memset@dest                              cstackCOMRAM 00003A
memset@k                                 cstackCOMRAM 000042
memset@n                                 cstackCOMRAM 00003E
memset@s                                 cstackCOMRAM 000044
stackhi                                  (abs)        000000
stacklo                                  (abs)        000000
start                                    init         00000E
start_initialization                     cinit        0025AE
ttemp5                                   temp         00005C
ttemp6                                   temp         00005F
ttemp7                                   temp         000063
wtemp8                                   temp         00005C


MODULE INFORMATION

Module		Function		Class		Link	Load	Size
C:\Program Files\Microchip\xc8\v2.40\pic\sources\c99\common\memcpy.c
		_memcpy        		CODE           	2410	0000	80

C:\Program Files\Microchip\xc8\v2.40\pic\sources\c99\common\memcpy.c estimated size: 80

../source/app_device_joystick.c
		_APP_DeviceJoystickInitialize		CODE           	25C8	0000	20
		_APP_DeviceJoystickTasks		CODE           	1E48	0000	182

../source/app_device_joystick.c estimated size: 202

../source/usb/usb_device_hid.c
		_USBCheckHIDRequest		CODE           	0FCC	0000	352

../source/usb/usb_device_hid.c estimated size: 352

../source/main.c
		_main          		CODE           	24AC	0000	64

../source/main.c estimated size: 64

../source/adc.c
		_ADC_Enable    		CODE           	2062	0000	174
		_ADC_Readbits  		CODE           	1EFE	0000	180
		_ADC_SetConfiguration		CODE           	2588	0000	38

../source/adc.c estimated size: 392

shared
		_configDescriptor1		SMALLCONST     	0855	0000	34
		_USB_CD_Ptr    		SMALLCONST     	0807	0000	2
		_sd001         		SMALLCONST     	0831	0000	36
		_sd002         		SMALLCONST     	0809	0000	40
		__initialization		CODE           	25AE	0000	12
		_device_dsc    		SMALLCONST     	0890	0000	18
		_USB_SD_Ptr    		SMALLCONST     	0801	0000	6
		_hid_rpt01     		SMALLCONST     	0877	0000	25
		_sd000         		SMALLCONST     	08A2	0000	4

shared estimated size: 177

C:\Program Files\Microchip\xc8\v2.40\pic\sources\c99\common\memset.c
		_memset        		CODE           	0E56	0000	374

C:\Program Files\Microchip\xc8\v2.40\pic\sources\c99\common\memset.c estimated size: 374

../source/usb/usb_device.c
		_USBCtrlTrfInHandler		CODE           	1AB6	0000	260
		_USBTransferOnePacket		CODE           	1644	0000	318
		_USBStdGetDscHandler		CODE           	112C	0000	336
		_USBCtrlEPAllowDataStage		CODE           	2110	0000	172
		_USBStdFeatureReqHandler		CODE           	08A8	0000	844
		_USBCtrlEPAllowStatusStage		CODE           	1BBA	0000	240
		_USBCtrlTrfSetupHandler		CODE           	2258	0000	142
		_USBCtrlTrfOutHandler		CODE           	22E6	0000	116
		_USBCtrlEPServiceComplete		CODE           	1504	0000	320
		_USBSuspend    		CODE           	255C	0000	44
		_USBStdSetCfgHandler		CODE           	1CAA	0000	230
		_USBStdGetStatusHandler		CODE           	1782	0000	278
		_USBWakeFromSuspend		CODE           	24EC	0000	62
		_USBCtrlTrfRxService		CODE           	13C2	0000	322
		_USBCtrlTrfTxService		CODE           	19AC	0000	266
		_USBEnableEndpoint		CODE           	2460	0000	76
		_USBConfigureEndpoint		CODE           	1FB2	0000	176
		_USBDeviceInit 		CODE           	127C	0000	326
		_USBIncrement1msInternalTimers		CODE           	252A	0000	50
		_USBCtrlEPService		CODE           	1D90	0000	184
		_USBStallHandler		CODE           	235A	0000	96
		_USBDeviceTasks		CODE           	0BF4	0000	610
		_USBCheckStdRequest		CODE           	1898	0000	276

../source/usb/usb_device.c estimated size: 5744

../source/usb/usb_events.c
		_USER_USB_CALLBACK_EVENT_HANDLER		CODE           	21BC	0000	156

../source/usb/usb_events.c estimated size: 156

system.c
		_SYS_InterruptHigh		CODE           	0008	0000	12
		_SYSTEM_Initialize		CODE           	23BA	0000	86

system.c estimated size: 98

