Microchip MPLAB XC8 Compiler V2.40

Linker command line:

--edf=C:\Program Files\Microchip\xc8\v2.40\pic\dat\20220703182018_en.msgs \
  -cn -h+dist/PIC18F4550_usb_hid/production\RPS.X.production.sym \
  --cmf=dist/PIC18F4550_usb_hid/production\RPS.X.production.cmf -z \
  -Q18F4550 -oC:\Users\admin\AppData\Local\Temp\xcAs6d4.4 \
  --defsym=__MPLAB_BUILD=1 --fixupoverflow=error \
  -Mdist/PIC18F4550_usb_hid/production/RPS.X.production.map \
  --md=C:\Users\admin\AppData\Local\Temp\xcAs6d4.dat -E1 -ver=XC8 Compiler \
  --acfsm=1493 -ACODE=00h-07FFFh -ACONST=00h-07FFFh \
  -ASMALLCONST=0800h-08FFhx120 -AMEDIUMCONST=0800h-07FFFh -ACOMRAM=01h-05Fh \
  -AABS1=00h-07FFh -ABIGRAM=01h-07FFh -ARAM=060h-0FFh,0100h-01FFhx7 \
  -ABANK0=060h-0FFh -ABANK1=0100h-01FFh -ABANK2=0200h-02FFh \
  -ABANK3=0300h-03FFh -ABANK4=0400h-04FFh -ABANK5=0500h-05FFh \
  -ABANK6=0600h-06FFh -ABANK7=0700h-07FFh -ASFR=0F60h-0FFFh \
  -ABIGSFR=0F60h-0FFFh -ACONFIG=0300000h-030000Dh -AIDLOC=0200000h-0200007h \
  -AEEDATA=0F00000h-0F000FFh -peeprom_data=EEDATA \
  -preset_vec=00h,intcode=08h,intcodelo,powerup,init -pramtop=0800h \
  -psmallconst=SMALLCONST -pmediumconst=MEDIUMCONST -pconst=CONST \
  -AFARRAM=00h-00h \
  -prdata=COMRAM,nvrram=COMRAM,nvbit=COMRAM,rbss=COMRAM,rbit=COMRAM \
  -pfarbss=FARRAM,fardata=FARRAM,nvFARRAM=FARRAM \
  -pintsave_regs=BIGRAM,bigbss=BIGRAM,bigdata=BIGRAM -pbss=RAM \
  -pidata=CODE,irdata=CODE,ibigdata=CODE,ifardata=CODE -prparam=COMRAM \
  C:\Users\admin\AppData\Local\Temp\xcAs6d4.o \
  dist/PIC18F4550_usb_hid/production\RPS.X.production.o 

Object code version is 3.11

Machine type is 18F4550



                Name                               Link     Load   Length Selector   Space Scale
C:\Users\admin\AppData\Local\Temp\xcAs6d4.o
                idloc                            200000   200000        8        0       5
                config                           300000   300000        E        0       4
                init                                  E        E        4        4       0
                reset_vec                             0        0        4        0       0
dist/PIC18F4550_usb_hid/production\RPS.X.production.o
                intcode                               8        8        6        4       0
                idloc                            200000   200000        8        0       5
                config                           300000   300000        E        0       4
                temp                                 5F       5F        1        1       1
                smallconst                          800      800       A8      400       0
                intcode_body                       36CC     36CC        6      454       0
                text39                             32AE     32AE       7C      454       0
                text38                             25E4     25E4      13E      454       0
                text37                             2C84     2C84      104      454       0
                text36                             121A     121A      42A      454       0
                text35                              8A8      8A8      4C0      454       0
                text34                             353E     353E       46      454       0
                text33                             2B7E     2B7E      106      454       0
                text32                             1C14     1C14      1B4      454       0
                text31                              D68      D68      4B2      454       0
                text30                             2962     2962      110      454       0
                text29                             2A72     2A72      10C      454       0
                text28                             2D88     2D88       F2      454       0
                text27                             24A0     24A0      144      454       0
                text26                             332A     332A       76      454       0
                text25                             30D2     30D2       B0      454       0
                text24                             34F2     34F2       4C      454       0
                text23                             36B6     36B6       16      454       0
                text22                             34A6     34A6       4C      454       0
                text21                             3690     3690       26      454       0
                text20                             3400     3400       56      454       0
                text19                             1F3E     1F3E      16E      454       0
                text18                             3182     3182       9C      454       0
                text17                             1644     1644      362      454       0
                text16                             20AC     20AC      160      454       0
                text15                             2722     2722      122      454       0
                text14                             1DC8     1DC8      176      454       0
                text13                             2E7A     2E7A       EC      454       0
                text12                             2844     2844      11E      454       0
                text11                             3020     3020       B2      454       0
                text10                             2356     2356      14A      454       0
                text9                              321E     321E       90      454       0
                text8                              3456     3456       50      454       0
                text7                              2F66     2F66       BA      454       0
                text6                              220C     220C      14A      454       0
                text5                              3608     3608       34      454       0
                text4                              33A0     33A0       60      454       0
                text3                              363C     363C       2E      454       0
                text2                              35C6     35C6       42      454       0
                text1                              19A6     19A6      26E      454       0
                text0                              3584     3584       42      454       0
                cstackCOMRAM                          1        1       56        1       1
                bssBANK0                             60       60       31       60       1
                bssCOMRAM                            57       57        8        1       1
                cinit                              366A     366A       26      454       0

TOTAL           Name                               Link     Load   Length     Space
        CLASS   CODE           
                intcode                               8        8        6         0
                init                                  E        E        4         0
                reset_vec                             0        0        4         0
                intcode_body                       36CC     36CC        6         0
                text39                             32AE     32AE       7C         0
                text38                             25E4     25E4      13E         0
                text37                             2C84     2C84      104         0
                text36                             121A     121A      42A         0
                text35                              8A8      8A8      4C0         0
                text34                             353E     353E       46         0
                text33                             2B7E     2B7E      106         0
                text32                             1C14     1C14      1B4         0
                text31                              D68      D68      4B2         0
                text30                             2962     2962      110         0
                text29                             2A72     2A72      10C         0
                text28                             2D88     2D88       F2         0
                text27                             24A0     24A0      144         0
                text26                             332A     332A       76         0
                text25                             30D2     30D2       B0         0
                text24                             34F2     34F2       4C         0
                text23                             36B6     36B6       16         0
                text22                             34A6     34A6       4C         0
                text21                             3690     3690       26         0
                text20                             3400     3400       56         0
                text19                             1F3E     1F3E      16E         0
                text18                             3182     3182       9C         0
                text17                             1644     1644      362         0
                text16                             20AC     20AC      160         0
                text15                             2722     2722      122         0
                text14                             1DC8     1DC8      176         0
                text13                             2E7A     2E7A       EC         0
                text12                             2844     2844      11E         0
                text11                             3020     3020       B2         0
                text10                             2356     2356      14A         0
                text9                              321E     321E       90         0
                text8                              3456     3456       50         0
                text7                              2F66     2F66       BA         0
                text6                              220C     220C      14A         0
                text5                              3608     3608       34         0
                text4                              33A0     33A0       60         0
                text3                              363C     363C       2E         0
                text2                              35C6     35C6       42         0
                text1                              19A6     19A6      26E         0
                text0                              3584     3584       42         0
                cinit                              366A     366A       26         0

        CLASS   CONST          

        CLASS   SMALLCONST     
                smallconst                          800      800       A8         0

        CLASS   MEDIUMCONST    

        CLASS   COMRAM         
                temp                                 5F       5F        1         1
                cstackCOMRAM                          1        1       56         1
                bssCOMRAM                            57       57        8         1

        CLASS   ABS1           
                abs_s1                              400      400       30         1
                abs_s1                              500      500        3         1

        CLASS   BIGRAM         

        CLASS   RAM            

        CLASS   BANK0          
                bssBANK0                             60       60       31         1

        CLASS   BANK1          

        CLASS   BANK2          

        CLASS   BANK3          

        CLASS   BANK4          

        CLASS   BANK5          

        CLASS   BANK6          

        CLASS   BANK7          

        CLASS   SFR            

        CLASS   BIGSFR         

        CLASS   CONFIG         
                config                           300000   300000        E         4

        CLASS   IDLOC          
                idloc                            200000   200000        8         5

        CLASS   EEDATA         

        CLASS   FARRAM         

        CLASS   HEAP           

        CLASS   STACK          



SEGMENTS        Name                           Load    Length   Top    Selector   Space  Class

                reset_vec                      000000  000004  000004         0       0  CODE    
                cstackCOMRAM                   000001  00005F  000060         1       1  COMRAM  
                intcode                        000008  00000A  000012         4       0  CODE    
                bssBANK0                       000060  000031  000091        60       1  BANK0   
                smallconst                     000800  0000A8  0008A8       400       0  SMALLCON
                text35                         0008A8  002E2A  0036D2       454       0  CODE    


UNUSED ADDRESS RANGES

        Name                Unused          Largest block    Delta
        BANK0            000091-0000FF               6F
        BANK1            000100-0001FF              100
        BANK2            000200-0002FF              100
        BANK3            000300-0003FF              100
        BANK4            000430-0004FF               D0
        BANK5            000503-0005FF               FD
        BANK6            000600-0006FF              100
        BANK7            000700-0007FF              100
        BIGRAM           000091-0003FF              36F
                         000430-0004FF               D0
                         000503-0007FF              2FD
        BIGSFR           000F60-000FFF               A0
        CODE             000004-000007                4
                         000012-0007FF              7EE
                         0036D2-007FFF             492E
        CONST            000004-000007                4
                         000012-0007FF              7EE
                         0036D2-007FFF             492E
        EEDATA           F00000-F000FF              100
        MEDIUMCONST      0036D2-007FFF             492E
        RAM              000091-0003FF              100
                         000430-0004FF               D0
                         000503-0007FF              100
        SFR              000F60-000FFF               A0
        SMALLCONST       0036D2-007FFF              100

                                  Symbol Table

?_ADC_Readbits                           cstackCOMRAM 000001
?_USBTransferOnePacket                   cstackCOMRAM 000001
?___fladd                                cstackCOMRAM 00002F
?___flmul                                cstackCOMRAM 000016
?___flsub                                cstackCOMRAM 00003F
?___fltol                                cstackCOMRAM 000047
?___xxtofl                               cstackCOMRAM 000008
ADC_Enable@channel                       cstackCOMRAM 000003
ADC_Readbits@channel                     cstackCOMRAM 000007
ADC_Readbits@result                      cstackCOMRAM 000005
ADC_SetConfiguration@configuration       cstackCOMRAM 000001
SYSTEM_Initialize@state                  cstackCOMRAM 000006
USBConfigureEndpoint@EPNum               cstackCOMRAM 000008
USBConfigureEndpoint@direction           cstackCOMRAM 000001
USBConfigureEndpoint@handle              cstackCOMRAM 000009
USBCtrlTrfInHandler@lastDTS              cstackCOMRAM 000002
USBCtrlTrfRxService@byteToRead           cstackCOMRAM 000002
USBCtrlTrfRxService@i                    cstackCOMRAM 000001
USBCtrlTrfTxService@byteToSend           cstackCOMRAM 000001
USBDeviceInit@i                          cstackCOMRAM 00000D
USBDeviceTasks@i                         cstackCOMRAM 000021
USBEnableEndpoint@ep                     cstackCOMRAM 00000E
USBEnableEndpoint@options                cstackCOMRAM 00000B
USBEnableEndpoint@p                      cstackCOMRAM 00000C
USBStdFeatureReqHandler@current_ep_data  cstackCOMRAM 00001B
USBStdFeatureReqHandler@p                cstackCOMRAM 00001C
USBStdFeatureReqHandler@pUEP             cstackCOMRAM 000019
USBStdGetStatusHandler@p                 cstackCOMRAM 000003
USBStdSetCfgHandler@i                    cstackCOMRAM 000017
USBTransferOnePacket@data                cstackCOMRAM 000002
USBTransferOnePacket@dir                 cstackCOMRAM 000001
USBTransferOnePacket@ep                  cstackCOMRAM 000009
USBTransferOnePacket@handle              cstackCOMRAM 00000A
USBTransferOnePacket@len                 cstackCOMRAM 000004
USER_USB_CALLBACK_EVENT_HANDLER@event    cstackCOMRAM 00000F
USER_USB_CALLBACK_EVENT_HANDLER@pdata    cstackCOMRAM 000011
USER_USB_CALLBACK_EVENT_HANDLER@size     cstackCOMRAM 000013
_ADCON0                                  (abs)        000FC2
_ADCON0bits                              (abs)        000FC2
_ADCON1bits                              (abs)        000FC1
_ADCON2                                  (abs)        000FC0
_ADCON2bits                              (abs)        000FC0
_ADC_Enable                              text22       0034A6
_ADC_Readbits                            text39       0032AE
_ADC_SetConfiguration                    text21       003690
_ADRESH                                  (abs)        000FC4
_ADRESL                                  (abs)        000FC3
_APP_DeviceJoystickInitialize            text23       0036B6
_APP_DeviceJoystickTasks                 text31       000D68
_APP_DeviceJoystickTasks$2981            cstackCOMRAM 000053
_BDT                                     (abs)        000400
_BothEP0OutUOWNsSet                      bssBANK0     000085
_CtrlTrfData                             (abs)        000428
_PIE2bits                                (abs)        000FA0
_PIR2bits                                (abs)        000FA1
_RemoteWakeup                            bssBANK0     000088
_SYSTEM_Initialize                       text20       003400
_SYS_InterruptHigh                       intcode      000008
_SetupPkt                                (abs)        000420
_TRISAbits                               (abs)        000F92
_UADDR                                   (abs)        000F6E
_UCFG                                    (abs)        000F6F
_UCON                                    (abs)        000F6D
_UCONbits                                (abs)        000F6D
_UEIE                                    (abs)        000F6B
_UEIR                                    (abs)        000F6A
_UEP0                                    (abs)        000F70
_UEP0bits                                (abs)        000F70
_UEP1                                    (abs)        000F71
_UIE                                     (abs)        000F69
_UIEbits                                 (abs)        000F69
_UIR                                     (abs)        000F68
_UIRbits                                 (abs)        000F68
_USB1msTickCount                         bssBANK0     00006E
_USBActiveConfiguration                  bssBANK0     000090
_USBAlternateInterface                   bssBANK0     00008F
_USBBusIsSuspended                       bssBANK0     000087
_USBCheckHIDRequest                      text19       001F3E
_USBCheckStdRequest                      text12       002844
_USBConfigureEndpoint                    text25       0030D2
_USBCtrlEPAllowDataStage                 text11       003020
_USBCtrlEPAllowStatusStage               text28       002D88
_USBCtrlEPService                        text7        002F66
_USBCtrlEPServiceComplete                text10       002356
_USBCtrlTrfInHandler                     text29       002A72
_USBCtrlTrfOutHandler                    text26       00332A
_USBCtrlTrfRxService                     text27       0024A0
_USBCtrlTrfSetupHandler                  text9        00321E
_USBCtrlTrfTxService                     text30       002962
_USBDeferINDataStagePackets              bssBANK0     000080
_USBDeferOUTDataStagePackets             bssBANK0     00007F
_USBDeferStatusStagePacket               bssBANK0     000083
_USBDeviceInit                           text6        00220C
_USBDeviceState                          bssBANK0     00008B
_USBDeviceTasks                          text1        0019A6
_USBEnableEndpoint                       text24       0034F2
_USBIncrement1msInternalTimers           text5        003608
_USBStallHandler                         text4        0033A0
_USBStatusStageEnabledFlag1              bssBANK0     000082
_USBStatusStageEnabledFlag2              bssBANK0     000081
_USBStatusStageTimeoutCounter            bssBANK0     000084
_USBStdFeatureReqHandler                 text17       001644
_USBStdGetDscHandler                     text16       0020AC
_USBStdGetStatusHandler                  text15       002722
_USBStdSetCfgHandler                     text13       002E7A
_USBSuspend                              text3        00363C
_USBTicksSinceSuspendEnd                 bssBANK0     00007E
_USBTransferOnePacket                    text38       0025E4
_USBWakeFromSuspend                      text2        0035C6
_USB_CD_Ptr                              smallconst   000807
_USB_SD_Ptr                              smallconst   000801
_USER_USB_CALLBACK_EVENT_HANDLER         text18       003182
_USTAT                                   (abs)        000F6C
_USTATcopy                               bssBANK0     00008E
__HRAM                                   (abs)        000000
__Habs1                                  abs1         000000
__Hbank0                                 bank0        000000
__Hbank1                                 bank1        000000
__Hbank2                                 bank2        000000
__Hbank3                                 bank3        000000
__Hbank4                                 bank4        000000
__Hbank5                                 bank5        000000
__Hbank6                                 bank6        000000
__Hbank7                                 bank7        000000
__Hbigbss                                bigbss       000000
__Hbigdata                               bigdata      000000
__Hbigram                                bigram       000000
__Hbigsfr                                bigsfr       000000
__Hbss                                   bss          000000
__HbssBANK0                              bssBANK0     000000
__HbssCOMRAM                             bssCOMRAM    000000
__Hcinit                                 cinit        000000
__Hclrtext                               clrtext      000000
__Hcomram                                comram       000000
__Hconfig                                config       30000E
__Hconst                                 const        000000
__HcstackCOMRAM                          cstackCOMRAM 000000
__Hdata                                  data         000000
__Heeprom_data                           eeprom_data  000000
__Hfarbss                                farbss       000000
__Hfardata                               fardata      000000
__Hheap                                  heap         000000
__Hibigdata                              ibigdata     000000
__Hidata                                 idata        000000
__Hidloc                                 idloc        200008
__Hifardata                              ifardata     000000
__Hinit                                  init         000012
__Hintcode                               intcode      00000E
__Hintcode_body                          intcode_body 000000
__Hintcodelo                             intcodelo    00000E
__Hintentry                              intentry     000000
__Hintret                                intret       000000
__Hintsave_regs                          intsave_regs 000000
__Hirdata                                irdata       000000
__Hmediumconst                           mediumconst  000000
__HnvFARRAM                              nvFARRAM     000000
__Hnvbit                                 nvbit        000000
__Hnvrram                                nvrram       000000
__Hparam                                 rparam       000000
__Hpowerup                               powerup      00000E
__Hram                                   ram          000000
__Hramtop                                ramtop       000800
__Hrbit                                  rbit         000000
__Hrbss                                  rbss         000000
__Hrdata                                 rdata        000000
__Hreset_vec                             reset_vec    000004
__Hrparam                                rparam       000000
__Hsfr                                   sfr          000000
__Hsmallconst                            smallconst   0008A8
__Hspace_0                               (abs)        0036D2
__Hspace_1                               (abs)        000091
__Hspace_2                               (abs)        000000
__Hspace_4                               (abs)        60000E
__Hstack                                 stack        000000
__Hstruct                                struct       000000
__Htemp                                  temp         000060
__Htext                                  text         000000
__Htext0                                 text0        000000
__Htext1                                 text1        000000
__Htext10                                text10       000000
__Htext11                                text11       000000
__Htext12                                text12       000000
__Htext13                                text13       000000
__Htext14                                text14       000000
__Htext15                                text15       000000
__Htext16                                text16       000000
__Htext17                                text17       000000
__Htext18                                text18       000000
__Htext19                                text19       000000
__Htext2                                 text2        000000
__Htext20                                text20       000000
__Htext21                                text21       000000
__Htext22                                text22       000000
__Htext23                                text23       000000
__Htext24                                text24       000000
__Htext25                                text25       000000
__Htext26                                text26       000000
__Htext27                                text27       000000
__Htext28                                text28       000000
__Htext29                                text29       000000
__Htext3                                 text3        000000
__Htext30                                text30       000000
__Htext31                                text31       000000
__Htext32                                text32       000000
__Htext33                                text33       000000
__Htext34                                text34       000000
__Htext35                                text35       000000
__Htext36                                text36       000000
__Htext37                                text37       000000
__Htext38                                text38       000000
__Htext39                                text39       000000
__Htext4                                 text4        000000
__Htext5                                 text5        000000
__Htext6                                 text6        000000
__Htext7                                 text7        000000
__Htext8                                 text8        000000
__Htext9                                 text9        000000
__LRAM                                   (abs)        000001
__Labs1                                  abs1         000000
__Lbank0                                 bank0        000000
__Lbank1                                 bank1        000000
__Lbank2                                 bank2        000000
__Lbank3                                 bank3        000000
__Lbank4                                 bank4        000000
__Lbank5                                 bank5        000000
__Lbank6                                 bank6        000000
__Lbank7                                 bank7        000000
__Lbigbss                                bigbss       000000
__Lbigdata                               bigdata      000000
__Lbigram                                bigram       000000
__Lbigsfr                                bigsfr       000000
__Lbss                                   bss          000000
__LbssBANK0                              bssBANK0     000000
__LbssCOMRAM                             bssCOMRAM    000000
__Lcinit                                 cinit        000000
__Lclrtext                               clrtext      000000
__Lcomram                                comram       000000
__Lconfig                                config       000000
__Lconst                                 const        000000
__LcstackCOMRAM                          cstackCOMRAM 000000
__Ldata                                  data         000000
__Leeprom_data                           eeprom_data  000000
__Lfarbss                                farbss       000000
__Lfardata                               fardata      000000
__Lheap                                  heap         000000
__Libigdata                              ibigdata     000000
__Lidata                                 idata        000000
__Lidloc                                 idloc        000000
__Lifardata                              ifardata     000000
__Linit                                  init         00000E
__Lintcode                               intcode      000008
__Lintcode_body                          intcode_body 000000
__Lintcodelo                             intcodelo    00000E
__Lintentry                              intentry     000000
__Lintret                                intret       000000
__Lintsave_regs                          intsave_regs 000000
__Lirdata                                irdata       000000
__Lmediumconst                           mediumconst  000000
__LnvFARRAM                              nvFARRAM     000000
__Lnvbit                                 nvbit        000000
__Lnvrram                                nvrram       000000
__Lparam                                 rparam       000000
__Lpowerup                               powerup      00000E
__Lram                                   ram          000000
__Lramtop                                ramtop       000800
__Lrbit                                  rbit         000000
__Lrbss                                  rbss         000000
__Lrdata                                 rdata        000000
__Lreset_vec                             reset_vec    000000
__Lrparam                                rparam       000000
__Lsfr                                   sfr          000000
__Lsmallconst                            smallconst   000800
__Lspace_0                               (abs)        000000
__Lspace_1                               (abs)        000000
__Lspace_2                               (abs)        000000
__Lspace_4                               (abs)        000000
__Lstack                                 stack        000000
__Lstruct                                struct       000000
__Ltemp                                  temp         00005F
__Ltext                                  text         000000
__Ltext0                                 text0        000000
__Ltext1                                 text1        000000
__Ltext10                                text10       000000
__Ltext11                                text11       000000
__Ltext12                                text12       000000
__Ltext13                                text13       000000
__Ltext14                                text14       000000
__Ltext15                                text15       000000
__Ltext16                                text16       000000
__Ltext17                                text17       000000
__Ltext18                                text18       000000
__Ltext19                                text19       000000
__Ltext2                                 text2        000000
__Ltext20                                text20       000000
__Ltext21                                text21       000000
__Ltext22                                text22       000000
__Ltext23                                text23       000000
__Ltext24                                text24       000000
__Ltext25                                text25       000000
__Ltext26                                text26       000000
__Ltext27                                text27       000000
__Ltext28                                text28       000000
__Ltext29                                text29       000000
__Ltext3                                 text3        000000
__Ltext30                                text30       000000
__Ltext31                                text31       000000
__Ltext32                                text32       000000
__Ltext33                                text33       000000
__Ltext34                                text34       000000
__Ltext35                                text35       000000
__Ltext36                                text36       000000
__Ltext37                                text37       000000
__Ltext38                                text38       000000
__Ltext39                                text39       000000
__Ltext4                                 text4        000000
__Ltext5                                 text5        000000
__Ltext6                                 text6        000000
__Ltext7                                 text7        000000
__Ltext8                                 text8        000000
__Ltext9                                 text9        000000
__S0                                     (abs)        0036D2
__S1                                     (abs)        000091
__S4                                     (abs)        000000
__S5                                     (abs)        000000
___fladd                                 text35       0008A8
___fladd@a                               cstackCOMRAM 000033
___fladd@aexp                            cstackCOMRAM 00003C
___fladd@b                               cstackCOMRAM 00002F
___fladd@bexp                            cstackCOMRAM 00003D
___fladd@grs                             cstackCOMRAM 00003E
___fladd@signs                           cstackCOMRAM 00003B
___flge                                  text37       002C84
___flge@ff1                              cstackCOMRAM 000047
___flge@ff2                              cstackCOMRAM 00004B
___flmul                                 text36       00121A
___flmul@a                               cstackCOMRAM 00001A
___flmul@aexp                            cstackCOMRAM 000027
___flmul@b                               cstackCOMRAM 000016
___flmul@bexp                            cstackCOMRAM 000028
___flmul@grs                             cstackCOMRAM 000023
___flmul@prod                            cstackCOMRAM 000029
___flmul@sign                            cstackCOMRAM 000022
___flmul@temp                            cstackCOMRAM 00002D
___flsub                                 text34       00353E
___flsub@a                               cstackCOMRAM 000043
___flsub@b                               cstackCOMRAM 00003F
___fltol                                 text33       002B7E
___fltol@exp1                            cstackCOMRAM 000050
___fltol@f1                              cstackCOMRAM 000047
___fltol@sign1                           cstackCOMRAM 00004F
___heap_hi                               (abs)        000000
___heap_lo                               (abs)        000000
___inthi_sp                              stack        000000
___intlo_sp                              stack        000000
___param_bank                            (abs)        000000
___rparam_used                           (abs)        000001
___sp                                    stack        000000
___xxtofl                                text32       001C14
___xxtofl@arg                            cstackCOMRAM 000012
___xxtofl@exp                            cstackCOMRAM 000011
___xxtofl@sign                           cstackCOMRAM 000010
___xxtofl@val                            cstackCOMRAM 000008
__accesstop                              (abs)        000060
__activetblptr                           (abs)        000002
__end_of_ADC_Enable                      text22       0034F2
__end_of_ADC_Readbits                    text39       00332A
__end_of_ADC_SetConfiguration            text21       0036B6
__end_of_APP_DeviceJoystickInitialize    text23       0036CC
__end_of_APP_DeviceJoystickTasks         text31       00121A
__end_of_SYSTEM_Initialize               text20       003456
__end_of_SYS_InterruptHigh               intcode_body 0036D2
__end_of_USBCheckHIDRequest              text19       0020AC
__end_of_USBCheckStdRequest              text12       002962
__end_of_USBConfigureEndpoint            text25       003182
__end_of_USBCtrlEPAllowDataStage         text11       0030D2
__end_of_USBCtrlEPAllowStatusStage       text28       002E7A
__end_of_USBCtrlEPService                text7        003020
__end_of_USBCtrlEPServiceComplete        text10       0024A0
__end_of_USBCtrlTrfInHandler             text29       002B7E
__end_of_USBCtrlTrfOutHandler            text26       0033A0
__end_of_USBCtrlTrfRxService             text27       0025E4
__end_of_USBCtrlTrfSetupHandler          text9        0032AE
__end_of_USBCtrlTrfTxService             text30       002A72
__end_of_USBDeviceInit                   text6        002356
__end_of_USBDeviceTasks                  text1        001C14
__end_of_USBEnableEndpoint               text24       00353E
__end_of_USBIncrement1msInternalTimers   text5        00363C
__end_of_USBStallHandler                 text4        003400
__end_of_USBStdFeatureReqHandler         text17       0019A6
__end_of_USBStdGetDscHandler             text16       00220C
__end_of_USBStdGetStatusHandler          text15       002844
__end_of_USBStdSetCfgHandler             text13       002F66
__end_of_USBSuspend                      text3        00366A
__end_of_USBTransferOnePacket            text38       002722
__end_of_USBWakeFromSuspend              text2        003608
__end_of_USB_CD_Ptr                      smallconst   000809
__end_of_USB_SD_Ptr                      smallconst   000807
__end_of_USER_USB_CALLBACK_EVENT_HANDLER text18       00321E
__end_of___fladd                         text35       000D68
__end_of___flge                          text37       002D88
__end_of___flmul                         text36       001644
__end_of___flsub                         text34       003584
__end_of___fltol                         text33       002C84
__end_of___xxtofl                        text32       001DC8
__end_of__initialization                 cinit        003682
__end_of_configDescriptor1               smallconst   000877
__end_of_device_dsc                      smallconst   0008A2
__end_of_hid_rpt01                       smallconst   000890
__end_of_main                            text0        0035C6
__end_of_memcpy                          text8        0034A6
__end_of_memset                          text14       001F3E
__end_of_sd000                           smallconst   0008A6
__end_of_sd001                           smallconst   000855
__end_of_sd002                           smallconst   000831
__initialization                         cinit        00366A
__mediumconst                            mediumconst  000000
__pbssBANK0                              bssBANK0     000060
__pbssCOMRAM                             bssCOMRAM    000057
__pcinit                                 cinit        00366A
__pcstackCOMRAM                          cstackCOMRAM 000001
__pintcode                               intcode      000008
__pintcode_body                          intcode_body 0036CC
__psmallconst                            smallconst   000800
__ptext0                                 text0        003584
__ptext1                                 text1        0019A6
__ptext10                                text10       002356
__ptext11                                text11       003020
__ptext12                                text12       002844
__ptext13                                text13       002E7A
__ptext14                                text14       001DC8
__ptext15                                text15       002722
__ptext16                                text16       0020AC
__ptext17                                text17       001644
__ptext18                                text18       003182
__ptext19                                text19       001F3E
__ptext2                                 text2        0035C6
__ptext20                                text20       003400
__ptext21                                text21       003690
__ptext22                                text22       0034A6
__ptext23                                text23       0036B6
__ptext24                                text24       0034F2
__ptext25                                text25       0030D2
__ptext26                                text26       00332A
__ptext27                                text27       0024A0
__ptext28                                text28       002D88
__ptext29                                text29       002A72
__ptext3                                 text3        00363C
__ptext30                                text30       002962
__ptext31                                text31       000D68
__ptext32                                text32       001C14
__ptext33                                text33       002B7E
__ptext34                                text34       00353E
__ptext35                                text35       0008A8
__ptext36                                text36       00121A
__ptext37                                text37       002C84
__ptext38                                text38       0025E4
__ptext39                                text39       0032AE
__ptext4                                 text4        0033A0
__ptext5                                 text5        003608
__ptext6                                 text6        00220C
__ptext7                                 text7        002F66
__ptext8                                 text8        003456
__ptext9                                 text9        00321E
__ramtop                                 ramtop       000800
__smallconst                             smallconst   000800
_active_protocol                         bssBANK0     00008C
_configDescriptor1                       smallconst   000855
_controlTransferState                    bssBANK0     000089
_device_dsc                              smallconst   000890
_endpoint_number                         bssBANK0     000086
_ep_data_in                              bssBANK0     00007A
_ep_data_out                             bssBANK0     000078
_hid_rpt01                               smallconst   000877
_idle_rate                               bssBANK0     00008D
_inPipes                                 bssBANK0     000068
_joystick_input                          (abs)        000500
_lastTransmission                        bssBANK0     000076
_main                                    text0        003584
_memcpy                                  text8        003456
_memset                                  text14       001DC8
_outPipes                                bssBANK0     000060
_pBDTEntryEP0OutCurrent                  bssCOMRAM    00005D
_pBDTEntryEP0OutNext                     bssCOMRAM    00005B
_pBDTEntryIn                             bssCOMRAM    000057
_pBDTEntryOut                            bssBANK0     000072
_pDst                                    bssBANK0     00007C
_sd000                                   smallconst   0008A2
_sd001                                   smallconst   000831
_sd002                                   smallconst   000809
_shortPacketStatus                       bssBANK0     00008A
btemp                                    temp         00005F
end_of_initialization                    cinit        003682
int$flags                                temp         00005F
int_func                                 intcode_body 0036CC
intlevel0                                text         000000
intlevel1                                text         000000
intlevel2                                text         000000
intlevel3                                text         000000
isa$std                                  (abs)        000001
isa$xinst                                (abs)        000000
memcpy@d                                 cstackCOMRAM 000007
memcpy@d1                                cstackCOMRAM 000001
memcpy@n                                 cstackCOMRAM 000005
memcpy@s                                 cstackCOMRAM 000009
memcpy@s1                                cstackCOMRAM 000003
memcpy@tmp                               cstackCOMRAM 00000B
memset@c                                 cstackCOMRAM 000003
memset@dest                              cstackCOMRAM 000001
memset@k                                 cstackCOMRAM 000009
memset@n                                 cstackCOMRAM 000005
memset@s                                 cstackCOMRAM 00000B
stackhi                                  (abs)        000000
stacklo                                  (abs)        000000
start                                    init         00000E
start_initialization                     cinit        00366A
ttemp5                                   temp         000060
ttemp6                                   temp         000063
ttemp7                                   temp         000067
wtemp8                                   temp         000060


MODULE INFORMATION

Module		Function		Class		Link	Load	Size
C:\Program Files\Microchip\xc8\v2.40\pic\sources\c99\common\sprcmul.c
		___flmul       		CODE           	121A	0000	1066

C:\Program Files\Microchip\xc8\v2.40\pic\sources\c99\common\sprcmul.c estimated size: 1066

C:\Program Files\Microchip\xc8\v2.40\pic\sources\c99\common\memcpy.c
		_memcpy        		CODE           	3456	0000	80

C:\Program Files\Microchip\xc8\v2.40\pic\sources\c99\common\memcpy.c estimated size: 80

C:\Program Files\Microchip\xc8\v2.40\pic\sources\c99\common\fltol.c
		___fltol       		CODE           	2B7E	0000	262

C:\Program Files\Microchip\xc8\v2.40\pic\sources\c99\common\fltol.c estimated size: 262

../source/app_device_joystick.c
		_APP_DeviceJoystickInitialize		CODE           	36B6	0000	22
		_APP_DeviceJoystickTasks		CODE           	0D68	0000	1202

../source/app_device_joystick.c estimated size: 1224

../source/usb/usb_device_hid.c
		_USBCheckHIDRequest		CODE           	1F3E	0000	366

../source/usb/usb_device_hid.c estimated size: 366

C:\Program Files\Microchip\xc8\v2.40\pic\sources\c99\common\sprcadd.c
		___flsub       		CODE           	353E	0000	70
		___fladd       		CODE           	08A8	0000	1216

C:\Program Files\Microchip\xc8\v2.40\pic\sources\c99\common\sprcadd.c estimated size: 1286

../source/main.c
		_main          		CODE           	3584	0000	66

../source/main.c estimated size: 66

../source/adc.c
		_ADC_Enable    		CODE           	34A6	0000	76
		_ADC_Readbits  		CODE           	32AE	0000	124
		_ADC_SetConfiguration		CODE           	3690	0000	38

../source/adc.c estimated size: 238

C:\Program Files\Microchip\xc8\v2.40\pic\sources\c99\common\xxtofl.c
		___xxtofl      		CODE           	1C14	0000	436

C:\Program Files\Microchip\xc8\v2.40\pic\sources\c99\common\xxtofl.c estimated size: 436

shared
		_configDescriptor1		SMALLCONST     	0855	0000	34
		_USB_CD_Ptr    		SMALLCONST     	0807	0000	2
		_sd001         		SMALLCONST     	0831	0000	36
		_sd002         		SMALLCONST     	0809	0000	40
		__initialization		CODE           	366A	0000	24
		_device_dsc    		SMALLCONST     	0890	0000	18
		_USB_SD_Ptr    		SMALLCONST     	0801	0000	6
		_hid_rpt01     		SMALLCONST     	0877	0000	25
		_sd000         		SMALLCONST     	08A2	0000	4

shared estimated size: 189

C:\Program Files\Microchip\xc8\v2.40\pic\sources\c99\common\flge.c
		___flge        		CODE           	2C84	0000	260

C:\Program Files\Microchip\xc8\v2.40\pic\sources\c99\common\flge.c estimated size: 260

C:\Program Files\Microchip\xc8\v2.40\pic\sources\c99\common\memset.c
		_memset        		CODE           	1DC8	0000	374

C:\Program Files\Microchip\xc8\v2.40\pic\sources\c99\common\memset.c estimated size: 374

../source/usb/usb_device.c
		_USBCtrlTrfInHandler		CODE           	2A72	0000	268
		_USBTransferOnePacket		CODE           	25E4	0000	318
		_USBStdGetDscHandler		CODE           	20AC	0000	352
		_USBCtrlEPAllowDataStage		CODE           	3020	0000	178
		_USBStdFeatureReqHandler		CODE           	1644	0000	866
		_USBCtrlEPAllowStatusStage		CODE           	2D88	0000	242
		_USBCtrlTrfSetupHandler		CODE           	321E	0000	144
		_USBCtrlTrfOutHandler		CODE           	332A	0000	118
		_USBCtrlEPServiceComplete		CODE           	2356	0000	330
		_USBSuspend    		CODE           	363C	0000	46
		_USBStdSetCfgHandler		CODE           	2E7A	0000	236
		_USBStdGetStatusHandler		CODE           	2722	0000	290
		_USBWakeFromSuspend		CODE           	35C6	0000	66
		_USBCtrlTrfRxService		CODE           	24A0	0000	324
		_USBCtrlTrfTxService		CODE           	2962	0000	272
		_USBEnableEndpoint		CODE           	34F2	0000	76
		_USBConfigureEndpoint		CODE           	30D2	0000	176
		_USBDeviceInit 		CODE           	220C	0000	330
		_USBIncrement1msInternalTimers		CODE           	3608	0000	52
		_USBCtrlEPService		CODE           	2F66	0000	186
		_USBStallHandler		CODE           	33A0	0000	96
		_USBDeviceTasks		CODE           	19A6	0000	622
		_USBCheckStdRequest		CODE           	2844	0000	286

../source/usb/usb_device.c estimated size: 5874

../source/usb/usb_events.c
		_USER_USB_CALLBACK_EVENT_HANDLER		CODE           	3182	0000	156

../source/usb/usb_events.c estimated size: 156

system.c
		_SYS_InterruptHigh		CODE           	0008	0000	12
		_SYSTEM_Initialize		CODE           	3400	0000	86

system.c estimated size: 98

